Archive member included to satisfy reference by file (symbol)

c:/program files/microchip/xc32/v3.01/bin/bin/../../lib/gcc/pic32c/8.3.1/../../../../pic32c/lib/thumb/v7e-m+dp/hard\libpic32c.a(data_init.o)
                              build/dt3_e70_xult/production/_ext/1477102667/startup_xc32.o (__pic32c_data_initialization)
c:/program files/microchip/xc32/v3.01/bin/bin/../../lib/gcc/pic32c/8.3.1/thumb/v7e-m+dp/hard\libgcc.a(_aeabi_uldivmod.o)
                              build/dt3_e70_xult/production/_ext/1510074072/sys_time.o (__aeabi_uldivmod)
c:/program files/microchip/xc32/v3.01/bin/bin/../../lib/gcc/pic32c/8.3.1/thumb/v7e-m+dp/hard\libgcc.a(_udivmoddi4.o)
                              c:/program files/microchip/xc32/v3.01/bin/bin/../../lib/gcc/pic32c/8.3.1/thumb/v7e-m+dp/hard\libgcc.a(_aeabi_uldivmod.o) (__udivmoddi4)
c:/program files/microchip/xc32/v3.01/bin/bin/../../lib/gcc/pic32c/8.3.1/thumb/v7e-m+dp/hard\libgcc.a(_dvmd_tls.o)
                              c:/program files/microchip/xc32/v3.01/bin/bin/../../lib/gcc/pic32c/8.3.1/thumb/v7e-m+dp/hard\libgcc.a(_aeabi_uldivmod.o) (__aeabi_ldiv0)
c:/program files/microchip/xc32/v3.01/bin/bin/../../lib/gcc/pic32c/8.3.1/../../../../pic32c/lib/thumb/v7e-m+dp/hard\libc_nano.a(lib_a-impure.o)
                              build/dt3_e70_xult/production/_ext/1477102667/initialization.o (_impure_ptr)
c:/program files/microchip/xc32/v3.01/bin/bin/../../lib/gcc/pic32c/8.3.1/../../../../pic32c/lib/thumb/v7e-m+dp/hard\libc_nano.a(lib_a-init.o)
                              build/dt3_e70_xult/production/_ext/1477102667/startup_xc32.o (__libc_init_array)
c:/program files/microchip/xc32/v3.01/bin/bin/../../lib/gcc/pic32c/8.3.1/../../../../pic32c/lib/thumb/v7e-m+dp/hard\libc_nano.a(lib_a-memcpy-stub.o)
                              build/dt3_e70_xult/production/_ext/1786373527/plib_efc.o (memcpy)
c:/program files/microchip/xc32/v3.01/bin/bin/../../lib/gcc/pic32c/8.3.1/../../../../pic32c/lib/thumb/v7e-m+dp/hard\libc_nano.a(lib_a-memset.o)
                              build/dt3_e70_xult/production/_ext/1510074072/sys_time.o (memset)
c:/program files/microchip/xc32/v3.01/bin/bin/../../lib/gcc/pic32c/8.3.1/../../../../pic32c/lib/thumb/v7e-m+dp/hard\libc_nano.a(lib_a-printf.o)
                              build/dt3_e70_xult/production/_ext/1360937237/app.o (printf)
c:/program files/microchip/xc32/v3.01/bin/bin/../../lib/gcc/pic32c/8.3.1/../../../../pic32c/lib/thumb/v7e-m+dp/hard\libc_nano.a(lib_a-setbuf.o)
                              build/dt3_e70_xult/production/_ext/1477102667/initialization.o (setbuf)
c:/program files/microchip/xc32/v3.01/bin/bin/../../lib/gcc/pic32c/8.3.1/../../../../pic32c/lib/thumb/v7e-m+dp/hard\libc_nano.a(lib_a-setvbuf.o)
                              c:/program files/microchip/xc32/v3.01/bin/bin/../../lib/gcc/pic32c/8.3.1/../../../../pic32c/lib/thumb/v7e-m+dp/hard\libc_nano.a(lib_a-setbuf.o) (setvbuf)
c:/program files/microchip/xc32/v3.01/bin/bin/../../lib/gcc/pic32c/8.3.1/../../../../pic32c/lib/thumb/v7e-m+dp/hard\libc_nano.a(lib_a-fflush.o)
                              c:/program files/microchip/xc32/v3.01/bin/bin/../../lib/gcc/pic32c/8.3.1/../../../../pic32c/lib/thumb/v7e-m+dp/hard\libc_nano.a(lib_a-setvbuf.o) (_fflush_r)
c:/program files/microchip/xc32/v3.01/bin/bin/../../lib/gcc/pic32c/8.3.1/../../../../pic32c/lib/thumb/v7e-m+dp/hard\libc_nano.a(lib_a-findfp.o)
                              c:/program files/microchip/xc32/v3.01/bin/bin/../../lib/gcc/pic32c/8.3.1/../../../../pic32c/lib/thumb/v7e-m+dp/hard\libc_nano.a(lib_a-printf.o) (__sinit)
c:/program files/microchip/xc32/v3.01/bin/bin/../../lib/gcc/pic32c/8.3.1/../../../../pic32c/lib/thumb/v7e-m+dp/hard\libc_nano.a(lib_a-fwalk.o)
                              c:/program files/microchip/xc32/v3.01/bin/bin/../../lib/gcc/pic32c/8.3.1/../../../../pic32c/lib/thumb/v7e-m+dp/hard\libc_nano.a(lib_a-fflush.o) (_fwalk_reent)
c:/program files/microchip/xc32/v3.01/bin/bin/../../lib/gcc/pic32c/8.3.1/../../../../pic32c/lib/thumb/v7e-m+dp/hard\libc_nano.a(lib_a-makebuf.o)
                              c:/program files/microchip/xc32/v3.01/bin/bin/../../lib/gcc/pic32c/8.3.1/../../../../pic32c/lib/thumb/v7e-m+dp/hard\libc_nano.a(lib_a-setvbuf.o) (__swhatbuf_r)
c:/program files/microchip/xc32/v3.01/bin/bin/../../lib/gcc/pic32c/8.3.1/../../../../pic32c/lib/thumb/v7e-m+dp/hard\libc_nano.a(lib_a-malloc.o)
                              c:/program files/microchip/xc32/v3.01/bin/bin/../../lib/gcc/pic32c/8.3.1/../../../../pic32c/lib/thumb/v7e-m+dp/hard\libc_nano.a(lib_a-setvbuf.o) (malloc)
c:/program files/microchip/xc32/v3.01/bin/bin/../../lib/gcc/pic32c/8.3.1/../../../../pic32c/lib/thumb/v7e-m+dp/hard\libc_nano.a(lib_a-nano-freer.o)
                              c:/program files/microchip/xc32/v3.01/bin/bin/../../lib/gcc/pic32c/8.3.1/../../../../pic32c/lib/thumb/v7e-m+dp/hard\libc_nano.a(lib_a-setvbuf.o) (_free_r)
[...]
Memory Configuration

Name             Origin             Length             Attributes
rom              0x00400000         0x00200000         xrl
ram              0x20400000         0x00060000         xw !r
itcm             0x00000000         0x00000000         xw
dtcm             0x20000000         0x00000000         xw !r
config_D0000000  0xd0000000         0x00000004
config_D0000008  0xd0000008         0x00000004
config_D0000004  0xd0000004         0x00000004
config_D000000C  0xd000000c         0x00000004
config_D0000010  0xd0000010         0x00000004
*default*        0x00000000         0xffffffff

Linker script and memory map

LOAD c:/program files/microchip/xc32/v3.01/bin/bin/../../lib/gcc/pic32c/8.3.1/thumb/v7e-m+dp/hard/crti.o
LOAD c:/program files/microchip/xc32/v3.01/bin/bin/../../lib/gcc/pic32c/8.3.1/thumb/v7e-m+dp/hard/crtbegin.o
LOAD build/dt3_e70_xult/production/_ext/2117151973/bsp.o
LOAD build/dt3_e70_xult/production/_ext/1786375255/plib_clk.o
LOAD build/dt3_e70_xult/production/_ext/1786373527/plib_efc.o
LOAD build/dt3_e70_xult/production/_ext/457279291/plib_nvic.o
LOAD build/dt3_e70_xult/production/_ext/1786362851/plib_pio.o
LOAD build/dt3_e70_xult/production/_ext/737188943/plib_spi0_master.o
LOAD build/dt3_e70_xult/production/_ext/1297124300/plib_usart1.o
LOAD build/dt3_e70_xult/production/_ext/1215730769/xc32_monitor.o
LOAD build/dt3_e70_xult/production/_ext/238308420/sys_cache.o
LOAD build/dt3_e70_xult/production/_ext/35127678/sys_int.o
LOAD build/dt3_e70_xult/production/_ext/1477102667/initialization.o
LOAD build/dt3_e70_xult/production/_ext/1477102667/interrupts.o
LOAD build/dt3_e70_xult/production/_ext/1477102667/exceptions.o
LOAD build/dt3_e70_xult/production/_ext/1477102667/startup_xc32.o
LOAD build/dt3_e70_xult/production/_ext/1477102667/libc_syscalls.o
LOAD build/dt3_e70_xult/production/_ext/1477102667/tasks.o
LOAD build/dt3_e70_xult/production/_ext/1360937237/main.o
LOAD build/dt3_e70_xult/production/_ext/1360937237/app.o
LOAD build/dt3_e70_xult/production/_ext/590620431/plib_systick.o
LOAD build/dt3_e70_xult/production/_ext/1510074072/sys_time.o
                0x00000001                __MPLAB_BUILD = 0x1
                0x00600000                __rom_end = (ORIGIN (rom) + LENGTH (rom))
                0x20460000                __ram_end = (ORIGIN (ram) + LENGTH (ram))

.config_D0000000
                0xd0000000        0x4
 *(.config_D0000000)
 .config_D0000000
                0xd0000000        0x4 build/dt3_e70_xult/production/_ext/1477102667/initialization.o
                0xd0000000                __config_D0000000

.config_D0000008
 *(.config_D0000008)

.config_D0000004
 *(.config_D0000004)

.config_D000000C
 *(.config_D000000C)

.config_D0000010
 *(.config_D0000010)

.vectors        0x00400000      0x168
                0x00400000                . = ALIGN (0x4)
                0x00400000                _sfixed = .
 *(.vectors .vectors.* .vectors_default .vectors_default.*)
 .vectors       0x00400000      0x168 build/dt3_e70_xult/production/_ext/1477102667/interrupts.o
                0x00400000                exception_table
 *(.isr_vector)
 *(.reset*)
 *(.after_vectors)

.text           0x00400168       0x20
                0x00400168                . = ALIGN (0x4)
 *(.glue_7t)
 .glue_7t       0x00400168        0x0 linker stubs
 *(.glue_7)
 .glue_7        0x00400168        0x0 linker stubs
 *(.gnu.linkonce.r.*)
 *(.ARM.extab* .gnu.linkonce.armextab.*)
                0x00400168                . = ALIGN (0x4)
 *(.init)
 .init          0x00400168        0x4 c:/program files/microchip/xc32/v3.01/bin/bin/../../lib/gcc/pic32c/8.3.1/thumb/v7e-m+dp/hard/crti.o
                0x00400168                _init
 .init          0x0040016c        0x8 c:/program files/microchip/xc32/v3.01/bin/bin/../../lib/gcc/pic32c/8.3.1/thumb/v7e-m+dp/hard/crtn.o
                0x00400174                . = ALIGN (0x4)
                0x00400174                __preinit_array_start = .
 *(.preinit_array)
                0x00400174                __preinit_array_end = .
                0x00400174                . = ALIGN (0x4)
                0x00400174                __init_array_start = .
 *(SORT_BY_NAME(.init_array.*))
 *(.init_array)
 .init_array    0x00400174        0x4 c:/program files/microchip/xc32/v3.01/bin/bin/../../lib/gcc/pic32c/8.3.1/thumb/v7e-m+dp/hard/crtbegin.o
                0x00400178                __init_array_end = .
                0x00400178                . = ALIGN (0x4)
 *crtbegin.o(.ctors)
 *(EXCLUDE_FILE(*crtend.o) .ctors)
 *(SORT_BY_NAME(.ctors.*))
 *crtend.o(.ctors)
                0x00400178                . = ALIGN (0x4)
 *(.fini)
 .fini          0x00400178        0x4 c:/program files/microchip/xc32/v3.01/bin/bin/../../lib/gcc/pic32c/8.3.1/thumb/v7e-m+dp/hard/crti.o
                0x00400178                _fini
 .fini          0x0040017c        0x8 c:/program files/microchip/xc32/v3.01/bin/bin/../../lib/gcc/pic32c/8.3.1/thumb/v7e-m+dp/hard/crtn.o
                0x00400184                . = ALIGN (0x4)
                0x00400184                __fini_array_start = .
 *(.fini_array)
 .fini_array    0x00400184        0x4 c:/program files/microchip/xc32/v3.01/bin/bin/../../lib/gcc/pic32c/8.3.1/thumb/v7e-m+dp/hard/crtbegin.o
 *(SORT_BY_NAME(.fini_array.*))
                0x00400188                __fini_array_end = .
 *crtbegin.o(.dtors)
 *(EXCLUDE_FILE(*crtend.o) .dtors)
 *(SORT_BY_NAME(.dtors.*))
 *crtend.o(.dtors)
                0x00400188                . = ALIGN (0x4)
                0x00400188                _efixed = .
                [!provide]                PROVIDE (__exidx_start = .)

.ARM.exidx
 *(.ARM.exidx* .gnu.linkonce.armexidx.*)
                [!provide]                PROVIDE (__exidx_end = .)
                0x00400188                . = ALIGN (0x4)
                0x00400188                _etext = .

.bss            0x20400000        0x4
                0x20400000                . = ALIGN (0x4)
                0x20400000                __bss_start__ = .
                0x20400000                _sbss = .
                0x20400000                _szero = .
 *(COMMON)
 COMMON         0x20400000        0x4 c:/program files/microchip/xc32/v3.01/bin/bin/../../lib/gcc/pic32c/8.3.1/../../../../pic32c/lib/thumb/v7e-m+dp/hard\libc_nano.a(lib_a-reent.o)
                0x20400000                errno
                0x20400004                . = ALIGN (0x4)
                0x20400004                __bss_end__ = .
                0x20400004                _ebss = .
                0x20400004                _ezero = .
                0x20400004                . = ALIGN (0x4)
                0x20400004                _end = .
                0x2045ffff                _ram_end_ = ((ORIGIN (ram) + LENGTH (ram)) - 0x1)
                0x00000200                _min_heap_size = 0x200
START GROUP
LOAD c:/program files/microchip/xc32/v3.01/bin/bin/../../lib/gcc/pic32c/8.3.1/../../../../pic32c/lib/thumb/v7e-m+dp/hard\libpic32c.a
LOAD c:/program files/microchip/xc32/v3.01/bin/bin/../../lib/gcc/pic32c/8.3.1/thumb/v7e-m+dp/hard\libgcc.a
LOAD c:/program files/microchip/xc32/v3.01/bin/bin/../../lib/gcc/pic32c/8.3.1/../../../../pic32c/lib/thumb/v7e-m+dp/hard\libm_nano.a
LOAD c:/program files/microchip/xc32/v3.01/bin/bin/../../lib/gcc/pic32c/8.3.1/../../../../pic32c/lib/thumb/v7e-m+dp/hard\libc_nano.a
END GROUP
LOAD c:/program files/microchip/xc32/v3.01/bin/bin/../../lib/gcc/pic32c/8.3.1/thumb/v7e-m+dp/hard/crtend.o
LOAD c:/program files/microchip/xc32/v3.01/bin/bin/../../lib/gcc/pic32c/8.3.1/thumb/v7e-m+dp/hard/crtn.o
OUTPUT(dist/dt3_e70_xult/production/csaat_e70.X.production.elf elf32-littlearm)
LOAD stack
LOAD data_init

.ARM.attributes
                0x00000000       0x2e
 .ARM.attributes
                0x00000000       0x1e c:/program files/microchip/xc32/v3.01/bin/bin/../../lib/gcc/pic32c/8.3.1/thumb/v7e-m+dp/hard/crti.o
 .ARM.attributes
                0x0000001e       0x32 c:/program files/microchip/xc32/v3.01/bin/bin/../../lib/gcc/pic32c/8.3.1/thumb/v7e-m+dp/hard/crtbegin.o
 .ARM.attributes
                0x00000050       0x32 build/dt3_e70_xult/production/_ext/2117151973/bsp.o
 .ARM.attributes
                0x00000082       0x32 build/dt3_e70_xult/production/_ext/1786375255/plib_clk.o
 .ARM.attributes
                0x000000b4       0x32 build/dt3_e70_xult/production/_ext/1786373527/plib_efc.o
 .ARM.attributes
                0x000000e6       0x32 build/dt3_e70_xult/production/_ext/457279291/plib_nvic.o
 .ARM.attributes
                0x00000118       0x32 build/dt3_e70_xult/production/_ext/1786362851/plib_pio.o
 .ARM.attributes
                0x0000014a       0x32 build/dt3_e70_xult/production/_ext/737188943/plib_spi0_master.o
 .ARM.attributes
                0x0000017c       0x32 build/dt3_e70_xult/production/_ext/1297124300/plib_usart1.o
 .ARM.attributes
                0x000001ae       0x32 build/dt3_e70_xult/production/_ext/1215730769/xc32_monitor.o
 .ARM.attributes
                0x000001e0       0x32 build/dt3_e70_xult/production/_ext/1477102667/initialization.o
 .ARM.attributes
                0x00000212       0x32 build/dt3_e70_xult/production/_ext/1477102667/interrupts.o
 .ARM.attributes
                0x00000244       0x32 build/dt3_e70_xult/production/_ext/1477102667/exceptions.o
 .ARM.attributes
                0x00000276       0x32 build/dt3_e70_xult/production/_ext/1477102667/startup_xc32.o
 .ARM.attributes
                0x000002a8       0x32 build/dt3_e70_xult/production/_ext/1477102667/tasks.o
 .ARM.attributes
                0x000002da       0x32 build/dt3_e70_xult/production/_ext/1360937237/main.o
 .ARM.attributes
                0x0000030c       0x32 build/dt3_e70_xult/production/_ext/1360937237/app.o
 .ARM.attributes
                0x0000033e       0x32 build/dt3_e70_xult/production/_ext/590620431/plib_systick.o
 .ARM.attributes
                0x00000370       0x32 build/dt3_e70_xult/production/_ext/1510074072/sys_time.o
 .ARM.attributes
                0x000003a2       0x32 c:/program files/microchip/xc32/v3.01/bin/bin/../../lib/gcc/pic32c/8.3.1/../../../../pic32c/lib/thumb/v7e-m+dp/hard\libpic32c.a(data_init.o)
 .ARM.attributes
                0x000003d4       0x30 c:/program files/microchip/xc32/v3.01/bin/bin/../../lib/gcc/pic32c/8.3.1/../../../../pic32c/lib/thumb/v7e-m+dp/hard\libc_nano.a(lib_a-impure.o)
 .ARM.attributes
                0x00000404       0x32 c:/program files/microchip/xc32/v3.01/bin/bin/../../lib/gcc/pic32c/8.3.1/../../../../pic32c/lib/thumb/v7e-m+dp/hard\libc_nano.a(lib_a-init.o)
 .ARM.attributes
                0x00000436       0x32 c:/program files/microchip/xc32/v3.01/bin/bin/../../lib/gcc/pic32c/8.3.1/../../../../pic32c/lib/thumb/v7e-m+dp/hard\libc_nano.a(lib_a-memcpy-stub.o)
 .ARM.attributes
                0x00000468       0x32 c:/program files/microchip/xc32/v3.01/bin/bin/../../lib/gcc/pic32c/8.3.1/../../../../pic32c/lib/thumb/v7e-m+dp/hard\libc_nano.a(lib_a-memset.o)
 .ARM.attributes
                0x0000049a       0x32 c:/program files/microchip/xc32/v3.01/bin/bin/../../lib/gcc/pic32c/8.3.1/../../../../pic32c/lib/thumb/v7e-m+dp/hard\libc_nano.a(lib_a-printf.o)
 .ARM.attributes
                0x000004cc       0x32 c:/program files/microchip/xc32/v3.01/bin/bin/../../lib/gcc/pic32c/8.3.1/../../../../pic32c/lib/thumb/v7e-m+dp/hard\libc_nano.a(lib_a-setbuf.o)
 .ARM.attributes
                0x000004fe       0x32 c:/program files/microchip/xc32/v3.01/bin/bin/../../lib/gcc/pic32c/8.3.1/../../../../pic32c/lib/thumb/v7e-m+dp/hard\libc_nano.a(lib_a-setvbuf.o)
 .ARM.attributes
                0x00000530       0x32 c:/program files/microchip/xc32/v3.01/bin/bin/../../lib/gcc/pic32c/8.3.1/../../../../pic32c/lib/thumb/v7e-m+dp/hard\libc_nano.a(lib_a-fflush.o)
 .ARM.attributes
                0x00000562       0x32 c:/program files/microchip/xc32/v3.01/bin/bin/../../lib/gcc/pic32c/8.3.1/../../../../pic32c/lib/thumb/v7e-m+dp/hard\libc_nano.a(lib_a-findfp.o)
 .ARM.attributes
                0x00000594       0x32 c:/program files/microchip/xc32/v3.01/bin/bin/../../lib/gcc/pic32c/8.3.1/../../../../pic32c/lib/thumb/v7e-m+dp/hard\libc_nano.a(lib_a-fwalk.o)
 .ARM.attributes
                0x000005c6       0x32 c:/program files/microchip/xc32/v3.01/bin/bin/../../lib/gcc/pic32c/8.3.1/../../../../pic32c/lib/thumb/v7e-m+dp/hard\libc_nano.a(lib_a-makebuf.o)
 .ARM.attributes
                0x000005f8       0x32 c:/program files/microchip/xc32/v3.01/bin/bin/../../lib/gcc/pic32c/8.3.1/../../../../pic32c/lib/thumb/v7e-m+dp/hard\libc_nano.a(lib_a-malloc.o)
 .ARM.attributes
                0x0000062a       0x32 c:/program files/microchip/xc32/v3.01/bin/bin/../../lib/gcc/pic32c/8.3.1/../../../../pic32c/lib/thumb/v7e-m+dp/hard\libc_nano.a(lib_a-nano-freer.o)
 .ARM.attributes
                0x0000065c       0x32 c:/program files/microchip/xc32/v3.01/bin/bin/../../lib/gcc/pic32c/8.3.1/../../../../pic32c/lib/thumb/v7e-m+dp/hard\libc_nano.a(lib_a-nano-mallocr.o)
 .ARM.attributes
                0x0000068e       0x32 c:/program files/microchip/xc32/v3.01/bin/bin/../../lib/gcc/pic32c/8.3.1/../../../../pic32c/lib/thumb/v7e-m+dp/hard\libc_nano.a(lib_a-nano-vfprintf.o)
 .ARM.attributes
                0x000006c0       0x32 c:/program files/microchip/xc32/v3.01/bin/bin/../../lib/gcc/pic32c/8.3.1/../../../../pic32c/lib/thumb/v7e-m+dp/hard\libc_nano.a(lib_a-nano-vfprintf_float.o)
 .ARM.attributes
                0x000006f2       0x32 c:/program files/microchip/xc32/v3.01/bin/bin/../../lib/gcc/pic32c/8.3.1/../../../../pic32c/lib/thumb/v7e-m+dp/hard\libc_nano.a(lib_a-nano-vfprintf_i.o)
 .ARM.attributes
                0x00000724       0x32 c:/program files/microchip/xc32/v3.01/bin/bin/../../lib/gcc/pic32c/8.3.1/../../../../pic32c/lib/thumb/v7e-m+dp/hard\libc_nano.a(lib_a-sbrkr.o)
 .ARM.attributes
                0x00000756       0x32 c:/program files/microchip/xc32/v3.01/bin/bin/../../lib/gcc/pic32c/8.3.1/../../../../pic32c/lib/thumb/v7e-m+dp/hard\libc_nano.a(lib_a-stdio.o)
 .ARM.attributes
                0x00000788       0x17 c:/program files/microchip/xc32/v3.01/bin/bin/../../lib/gcc/pic32c/8.3.1/../../../../pic32c/lib/thumb/v7e-m+dp/hard\libc_nano.a(lib_a-strlen.o)
 .ARM.attributes
                0x0000079f       0x32 c:/program files/microchip/xc32/v3.01/bin/bin/../../lib/gcc/pic32c/8.3.1/../../../../pic32c/lib/thumb/v7e-m+dp/hard\libc_nano.a(lib_a-writer.o)
 .ARM.attributes
                0x000007d1       0x32 c:/program files/microchip/xc32/v3.01/bin/bin/../../lib/gcc/pic32c/8.3.1/../../../../pic32c/lib/thumb/v7e-m+dp/hard\libc_nano.a(lib_a-wsetup.o)
 .ARM.attributes
                0x00000803       0x32 c:/program files/microchip/xc32/v3.01/bin/bin/../../lib/gcc/pic32c/8.3.1/../../../../pic32c/lib/thumb/v7e-m+dp/hard\libc_nano.a(lib_a-__ssfputs.o)
 .ARM.attributes
                0x00000835       0x32 c:/program files/microchip/xc32/v3.01/bin/bin/../../lib/gcc/pic32c/8.3.1/../../../../pic32c/lib/thumb/v7e-m+dp/hard\libc_nano.a(lib_a-closer.o)
 .ARM.attributes
                0x00000867       0x32 c:/program files/microchip/xc32/v3.01/bin/bin/../../lib/gcc/pic32c/8.3.1/../../../../pic32c/lib/thumb/v7e-m+dp/hard\libc_nano.a(lib_a-dtoa.o)
 .ARM.attributes
                0x00000899       0x32 c:/program files/microchip/xc32/v3.01/bin/bin/../../lib/gcc/pic32c/8.3.1/../../../../pic32c/lib/thumb/v7e-m+dp/hard\libc_nano.a(lib_a-fputwc.o)
 .ARM.attributes
                0x000008cb       0x32 c:/program files/microchip/xc32/v3.01/bin/bin/../../lib/gcc/pic32c/8.3.1/../../../../pic32c/lib/thumb/v7e-m+dp/hard\libc_nano.a(lib_a-fstatr.o)
 .ARM.attributes
                0x000008fd       0x32 c:/program files/microchip/xc32/v3.01/bin/bin/../../lib/gcc/pic32c/8.3.1/../../../../pic32c/lib/thumb/v7e-m+dp/hard\libc_nano.a(lib_a-isattyr.o)
 .ARM.attributes
                0x0000092f       0x32 c:/program files/microchip/xc32/v3.01/bin/bin/../../lib/gcc/pic32c/8.3.1/../../../../pic32c/lib/thumb/v7e-m+dp/hard\libc_nano.a(lib_a-locale.o)
 .ARM.attributes
                0x00000961       0x32 c:/program files/microchip/xc32/v3.01/bin/bin/../../lib/gcc/pic32c/8.3.1/../../../../pic32c/lib/thumb/v7e-m+dp/hard\libc_nano.a(lib_a-localeconv.o)
 .ARM.attributes
                0x00000993       0x32 c:/program files/microchip/xc32/v3.01/bin/bin/../../lib/gcc/pic32c/8.3.1/../../../../pic32c/lib/thumb/v7e-m+dp/hard\libc_nano.a(lib_a-lseekr.o)
 .ARM.attributes
                0x000009c5       0x32 c:/program files/microchip/xc32/v3.01/bin/bin/../../lib/gcc/pic32c/8.3.1/../../../../pic32c/lib/thumb/v7e-m+dp/hard\libc_nano.a(lib_a-mbtowc_r.o)
 .ARM.attributes
                0x000009f7       0x1c c:/program files/microchip/xc32/v3.01/bin/bin/../../lib/gcc/pic32c/8.3.1/../../../../pic32c/lib/thumb/v7e-m+dp/hard\libc_nano.a(lib_a-memchr.o)
 .ARM.attributes
                0x00000a13       0x32 c:/program files/microchip/xc32/v3.01/bin/bin/../../lib/gcc/pic32c/8.3.1/../../../../pic32c/lib/thumb/v7e-m+dp/hard\libc_nano.a(lib_a-mlock.o)
 .ARM.attributes
                0x00000a45       0x32 c:/program files/microchip/xc32/v3.01/bin/bin/../../lib/gcc/pic32c/8.3.1/../../../../pic32c/lib/thumb/v7e-m+dp/hard\libc_nano.a(lib_a-mprec.o)
 .ARM.attributes
                0x00000a77       0x32 c:/program files/microchip/xc32/v3.01/bin/bin/../../lib/gcc/pic32c/8.3.1/../../../../pic32c/lib/thumb/v7e-m+dp/hard\libc_nano.a(lib_a-nano-callocr.o)
 .ARM.attributes
                0x00000aa9       0x32 c:/program files/microchip/xc32/v3.01/bin/bin/../../lib/gcc/pic32c/8.3.1/../../../../pic32c/lib/thumb/v7e-m+dp/hard\libc_nano.a(lib_a-readr.o)
 .ARM.attributes
                0x00000adb       0x32 c:/program files/microchip/xc32/v3.01/bin/bin/../../lib/gcc/pic32c/8.3.1/../../../../pic32c/lib/thumb/v7e-m+dp/hard\libc_nano.a(lib_a-reent.o)
 .ARM.attributes
                0x00000b0d       0x32 c:/program files/microchip/xc32/v3.01/bin/bin/../../lib/gcc/pic32c/8.3.1/../../../../pic32c/lib/thumb/v7e-m+dp/hard\libc_nano.a(lib_a-wbuf.o)
 .ARM.attributes
                0x00000b3f       0x32 c:/program files/microchip/xc32/v3.01/bin/bin/../../lib/gcc/pic32c/8.3.1/../../../../pic32c/lib/thumb/v7e-m+dp/hard\libc_nano.a(lib_a-wcrtomb.o)
 .ARM.attributes
                0x00000b71       0x32 c:/program files/microchip/xc32/v3.01/bin/bin/../../lib/gcc/pic32c/8.3.1/../../../../pic32c/lib/thumb/v7e-m+dp/hard\libc_nano.a(lib_a-wctomb_r.o)
 .ARM.attributes
                0x00000ba3       0x30 c:/program files/microchip/xc32/v3.01/bin/bin/../../lib/gcc/pic32c/8.3.1/../../../../pic32c/lib/thumb/v7e-m+dp/hard\libc_nano.a(lib_a-ctype_.o)
 .ARM.attributes
                0x00000bd3       0x32 c:/program files/microchip/xc32/v3.01/bin/bin/../../lib/gcc/pic32c/8.3.1/../../../../pic32c/lib/thumb/v7e-m+dp/hard\libpic32c.a(_close.o)
 .ARM.attributes
                0x00000c05       0x32 c:/program files/microchip/xc32/v3.01/bin/bin/../../lib/gcc/pic32c/8.3.1/../../../../pic32c/lib/thumb/v7e-m+dp/hard\libpic32c.a(_fstat.o)
 .ARM.attributes
                0x00000c37       0x32 c:/program files/microchip/xc32/v3.01/bin/bin/../../lib/gcc/pic32c/8.3.1/../../../../pic32c/lib/thumb/v7e-m+dp/hard\libpic32c.a(_isatty.o)
 .ARM.attributes
                0x00000c69       0x32 c:/program files/microchip/xc32/v3.01/bin/bin/../../lib/gcc/pic32c/8.3.1/../../../../pic32c/lib/thumb/v7e-m+dp/hard\libpic32c.a(_lseek.o)
 .ARM.attributes
                0x00000c9b       0x32 c:/program files/microchip/xc32/v3.01/bin/bin/../../lib/gcc/pic32c/8.3.1/../../../../pic32c/lib/thumb/v7e-m+dp/hard\libpic32c.a(_read.o)
 .ARM.attributes
                0x00000ccd       0x32 c:/program files/microchip/xc32/v3.01/bin/bin/../../lib/gcc/pic32c/8.3.1/../../../../pic32c/lib/thumb/v7e-m+dp/hard\libpic32c.a(sbrk.o)
 .ARM.attributes
                0x00000cff       0x32 c:/program files/microchip/xc32/v3.01/bin/bin/../../lib/gcc/pic32c/8.3.1/../../../../pic32c/lib/thumb/v7e-m+dp/hard\libpic32c.a(_write.o)
 .ARM.attributes
                0x00000d31       0x32 c:/program files/microchip/xc32/v3.01/bin/bin/../../lib/gcc/pic32c/8.3.1/../../../../pic32c/lib/thumb/v7e-m+dp/hard\libpic32c.a(close.o)
 .ARM.attributes
                0x00000d63       0x32 c:/program files/microchip/xc32/v3.01/bin/bin/../../lib/gcc/pic32c/8.3.1/../../../../pic32c/lib/thumb/v7e-m+dp/hard\libpic32c.a(fstat.o)
 .ARM.attributes
                0x00000d95       0x32 c:/program files/microchip/xc32/v3.01/bin/bin/../../lib/gcc/pic32c/8.3.1/../../../../pic32c/lib/thumb/v7e-m+dp/hard\libpic32c.a(isatty.o)
 .ARM.attributes
                0x00000dc7       0x32 c:/program files/microchip/xc32/v3.01/bin/bin/../../lib/gcc/pic32c/8.3.1/../../../../pic32c/lib/thumb/v7e-m+dp/hard\libpic32c.a(lseek.o)
 .ARM.attributes
                0x00000df9       0x32 c:/program files/microchip/xc32/v3.01/bin/bin/../../lib/gcc/pic32c/8.3.1/../../../../pic32c/lib/thumb/v7e-m+dp/hard\libpic32c.a(read.o)
 .ARM.attributes
                0x00000e2b       0x32 c:/program files/microchip/xc32/v3.01/bin/bin/../../lib/gcc/pic32c/8.3.1/../../../../pic32c/lib/thumb/v7e-m+dp/hard\libpic32c.a(write.o)
 .ARM.attributes
                0x00000e5d       0x1e c:/program files/microchip/xc32/v3.01/bin/bin/../../lib/gcc/pic32c/8.3.1/thumb/v7e-m+dp/hard/crtn.o

.comment        0x00000000       0x53
 .comment       0x00000000       0x53 c:/program files/microchip/xc32/v3.01/bin/bin/../../lib/gcc/pic32c/8.3.1/thumb/v7e-m+dp/hard/crtbegin.o
                                 0x54 (size before relaxing)
 .comment       0x00000053       0x54 build/dt3_e70_xult/production/_ext/2117151973/bsp.o
 .comment       0x00000053       0x54 build/dt3_e70_xult/production/_ext/1786375255/plib_clk.o
 .comment       0x00000053       0x54 build/dt3_e70_xult/production/_ext/1786373527/plib_efc.o
 .comment       0x00000053       0x54 build/dt3_e70_xult/production/_ext/457279291/plib_nvic.o
 .comment       0x00000053       0x54 build/dt3_e70_xult/production/_ext/1786362851/plib_pio.o
 .comment       0x00000053       0x54 build/dt3_e70_xult/production/_ext/737188943/plib_spi0_master.o
 .comment       0x00000053       0x54 build/dt3_e70_xult/production/_ext/1297124300/plib_usart1.o
 .comment       0x00000053       0x54 build/dt3_e70_xult/production/_ext/1215730769/xc32_monitor.o
 .comment       0x00000053       0x54 build/dt3_e70_xult/production/_ext/1477102667/initialization.o
 .comment       0x00000053       0x54 build/dt3_e70_xult/production/_ext/1477102667/interrupts.o
 .comment       0x00000053       0x54 build/dt3_e70_xult/production/_ext/1477102667/exceptions.o
 .comment       0x00000053       0x54 build/dt3_e70_xult/production/_ext/1477102667/startup_xc32.o
 .comment       0x00000053       0x54 build/dt3_e70_xult/production/_ext/1477102667/tasks.o
 .comment       0x00000053       0x54 build/dt3_e70_xult/production/_ext/1360937237/main.o
 .comment       0x00000053       0x54 build/dt3_e70_xult/production/_ext/1360937237/app.o
 .comment       0x00000053       0x54 build/dt3_e70_xult/production/_ext/590620431/plib_systick.o
 .comment       0x00000053       0x54 build/dt3_e70_xult/production/_ext/1510074072/sys_time.o
 .comment       0x00000053       0x54 c:/program files/microchip/xc32/v3.01/bin/bin/../../lib/gcc/pic32c/8.3.1/../../../../pic32c/lib/thumb/v7e-m+dp/hard\libpic32c.a(data_init.o)
 .comment       0x00000053       0x54 c:/program files/microchip/xc32/v3.01/bin/bin/../../lib/gcc/pic32c/8.3.1/../../../../pic32c/lib/thumb/v7e-m+dp/hard\libc_nano.a(lib_a-impure.o)
 .comment       0x00000053       0x54 c:/program files/microchip/xc32/v3.01/bin/bin/../../lib/gcc/pic32c/8.3.1/../../../../pic32c/lib/thumb/v7e-m+dp/hard\libc_nano.a(lib_a-init.o)
 .comment       0x00000053       0x54 c:/program files/microchip/xc32/v3.01/bin/bin/../../lib/gcc/pic32c/8.3.1/../../../../pic32c/lib/thumb/v7e-m+dp/hard\libc_nano.a(lib_a-memcpy-stub.o)
 .comment       0x00000053       0x54 c:/program files/microchip/xc32/v3.01/bin/bin/../../lib/gcc/pic32c/8.3.1/../../../../pic32c/lib/thumb/v7e-m+dp/hard\libc_nano.a(lib_a-memset.o)
 .comment       0x00000053       0x54 c:/program files/microchip/xc32/v3.01/bin/bin/../../lib/gcc/pic32c/8.3.1/../../../../pic32c/lib/thumb/v7e-m+dp/hard\libc_nano.a(lib_a-printf.o)
 .comment       0x00000053       0x54 c:/program files/microchip/xc32/v3.01/bin/bin/../../lib/gcc/pic32c/8.3.1/../../../../pic32c/lib/thumb/v7e-m+dp/hard\libc_nano.a(lib_a-setbuf.o)
 .comment       0x00000053       0x54 c:/program files/microchip/xc32/v3.01/bin/bin/../../lib/gcc/pic32c/8.3.1/../../../../pic32c/lib/thumb/v7e-m+dp/hard\libc_nano.a(lib_a-setvbuf.o)
 .comment       0x00000053       0x54 c:/program files/microchip/xc32/v3.01/bin/bin/../../lib/gcc/pic32c/8.3.1/../../../../pic32c/lib/thumb/v7e-m+dp/hard\libc_nano.a(lib_a-fflush.o)
 .comment       0x00000053       0x54 c:/program files/microchip/xc32/v3.01/bin/bin/../../lib/gcc/pic32c/8.3.1/../../../../pic32c/lib/thumb/v7e-m+dp/hard\libc_nano.a(lib_a-findfp.o)
 .comment       0x00000053       0x54 c:/program files/microchip/xc32/v3.01/bin/bin/../../lib/gcc/pic32c/8.3.1/../../../../pic32c/lib/thumb/v7e-m+dp/hard\libc_nano.a(lib_a-fwalk.o)
 .comment       0x00000053       0x54 c:/program files/microchip/xc32/v3.01/bin/bin/../../lib/gcc/pic32c/8.3.1/../../../../pic32c/lib/thumb/v7e-m+dp/hard\libc_nano.a(lib_a-makebuf.o)
 .comment       0x00000053       0x54 c:/program files/microchip/xc32/v3.01/bin/bin/../../lib/gcc/pic32c/8.3.1/../../../../pic32c/lib/thumb/v7e-m+dp/hard\libc_nano.a(lib_a-malloc.o)
 .comment       0x00000053       0x54 c:/program files/microchip/xc32/v3.01/bin/bin/../../lib/gcc/pic32c/8.3.1/../../../../pic32c/lib/thumb/v7e-m+dp/hard\libc_nano.a(lib_a-nano-freer.o)
 .comment       0x00000053       0x54 c:/program files/microchip/xc32/v3.01/bin/bin/../../lib/gcc/pic32c/8.3.1/../../../../pic32c/lib/thumb/v7e-m+dp/hard\libc_nano.a(lib_a-nano-mallocr.o)
 .comment       0x00000053       0x54 c:/program files/microchip/xc32/v3.01/bin/bin/../../lib/gcc/pic32c/8.3.1/../../../../pic32c/lib/thumb/v7e-m+dp/hard\libc_nano.a(lib_a-nano-vfprintf.o)
 .comment       0x00000053       0x54 c:/program files/microchip/xc32/v3.01/bin/bin/../../lib/gcc/pic32c/8.3.1/../../../../pic32c/lib/thumb/v7e-m+dp/hard\libc_nano.a(lib_a-nano-vfprintf_float.o)
 .comment       0x00000053       0x54 c:/program files/microchip/xc32/v3.01/bin/bin/../../lib/gcc/pic32c/8.3.1/../../../../pic32c/lib/thumb/v7e-m+dp/hard\libc_nano.a(lib_a-nano-vfprintf_i.o)
 .comment       0x00000053       0x54 c:/program files/microchip/xc32/v3.01/bin/bin/../../lib/gcc/pic32c/8.3.1/../../../../pic32c/lib/thumb/v7e-m+dp/hard\libc_nano.a(lib_a-sbrkr.o)
 .comment       0x00000053       0x54 c:/program files/microchip/xc32/v3.01/bin/bin/../../lib/gcc/pic32c/8.3.1/../../../../pic32c/lib/thumb/v7e-m+dp/hard\libc_nano.a(lib_a-stdio.o)
 .comment       0x00000053       0x54 c:/program files/microchip/xc32/v3.01/bin/bin/../../lib/gcc/pic32c/8.3.1/../../../../pic32c/lib/thumb/v7e-m+dp/hard\libc_nano.a(lib_a-writer.o)
 .comment       0x00000053       0x54 c:/program files/microchip/xc32/v3.01/bin/bin/../../lib/gcc/pic32c/8.3.1/../../../../pic32c/lib/thumb/v7e-m+dp/hard\libc_nano.a(lib_a-wsetup.o)
 .comment       0x00000053       0x54 c:/program files/microchip/xc32/v3.01/bin/bin/../../lib/gcc/pic32c/8.3.1/../../../../pic32c/lib/thumb/v7e-m+dp/hard\libc_nano.a(lib_a-__ssfputs.o)
 .comment       0x00000053       0x54 c:/program files/microchip/xc32/v3.01/bin/bin/../../lib/gcc/pic32c/8.3.1/../../../../pic32c/lib/thumb/v7e-m+dp/hard\libc_nano.a(lib_a-closer.o)
 .comment       0x00000053       0x54 c:/program files/microchip/xc32/v3.01/bin/bin/../../lib/gcc/pic32c/8.3.1/../../../../pic32c/lib/thumb/v7e-m+dp/hard\libc_nano.a(lib_a-dtoa.o)
 .comment       0x00000053       0x54 c:/program files/microchip/xc32/v3.01/bin/bin/../../lib/gcc/pic32c/8.3.1/../../../../pic32c/lib/thumb/v7e-m+dp/hard\libc_nano.a(lib_a-fputwc.o)
 .comment       0x00000053       0x54 c:/program files/microchip/xc32/v3.01/bin/bin/../../lib/gcc/pic32c/8.3.1/../../../../pic32c/lib/thumb/v7e-m+dp/hard\libc_nano.a(lib_a-fstatr.o)
 .comment       0x00000053       0x54 c:/program files/microchip/xc32/v3.01/bin/bin/../../lib/gcc/pic32c/8.3.1/../../../../pic32c/lib/thumb/v7e-m+dp/hard\libc_nano.a(lib_a-isattyr.o)
 .comment       0x00000053       0x54 c:/program files/microchip/xc32/v3.01/bin/bin/../../lib/gcc/pic32c/8.3.1/../../../../pic32c/lib/thumb/v7e-m+dp/hard\libc_nano.a(lib_a-locale.o)
 .comment       0x00000053       0x54 c:/program files/microchip/xc32/v3.01/bin/bin/../../lib/gcc/pic32c/8.3.1/../../../../pic32c/lib/thumb/v7e-m+dp/hard\libc_nano.a(lib_a-localeconv.o)
 .comment       0x00000053       0x54 c:/program files/microchip/xc32/v3.01/bin/bin/../../lib/gcc/pic32c/8.3.1/../../../../pic32c/lib/thumb/v7e-m+dp/hard\libc_nano.a(lib_a-lseekr.o)
 .comment       0x00000053       0x54 c:/program files/microchip/xc32/v3.01/bin/bin/../../lib/gcc/pic32c/8.3.1/../../../../pic32c/lib/thumb/v7e-m+dp/hard\libc_nano.a(lib_a-mbtowc_r.o)
 .comment       0x00000053       0x54 c:/program files/microchip/xc32/v3.01/bin/bin/../../lib/gcc/pic32c/8.3.1/../../../../pic32c/lib/thumb/v7e-m+dp/hard\libc_nano.a(lib_a-mlock.o)
 .comment       0x00000053       0x54 c:/program files/microchip/xc32/v3.01/bin/bin/../../lib/gcc/pic32c/8.3.1/../../../../pic32c/lib/thumb/v7e-m+dp/hard\libc_nano.a(lib_a-mprec.o)
 .comment       0x00000053       0x54 c:/program files/microchip/xc32/v3.01/bin/bin/../../lib/gcc/pic32c/8.3.1/../../../../pic32c/lib/thumb/v7e-m+dp/hard\libc_nano.a(lib_a-nano-callocr.o)
 .comment       0x00000053       0x54 c:/program files/microchip/xc32/v3.01/bin/bin/../../lib/gcc/pic32c/8.3.1/../../../../pic32c/lib/thumb/v7e-m+dp/hard\libc_nano.a(lib_a-readr.o)
 .comment       0x00000053       0x54 c:/program files/microchip/xc32/v3.01/bin/bin/../../lib/gcc/pic32c/8.3.1/../../../../pic32c/lib/thumb/v7e-m+dp/hard\libc_nano.a(lib_a-reent.o)
 .comment       0x00000053       0x54 c:/program files/microchip/xc32/v3.01/bin/bin/../../lib/gcc/pic32c/8.3.1/../../../../pic32c/lib/thumb/v7e-m+dp/hard\libc_nano.a(lib_a-wbuf.o)
 .comment       0x00000053       0x54 c:/program files/microchip/xc32/v3.01/bin/bin/../../lib/gcc/pic32c/8.3.1/../../../../pic32c/lib/thumb/v7e-m+dp/hard\libc_nano.a(lib_a-wcrtomb.o)
 .comment       0x00000053       0x54 c:/program files/microchip/xc32/v3.01/bin/bin/../../lib/gcc/pic32c/8.3.1/../../../../pic32c/lib/thumb/v7e-m+dp/hard\libc_nano.a(lib_a-wctomb_r.o)
 .comment       0x00000053       0x54 c:/program files/microchip/xc32/v3.01/bin/bin/../../lib/gcc/pic32c/8.3.1/../../../../pic32c/lib/thumb/v7e-m+dp/hard\libc_nano.a(lib_a-ctype_.o)
 .comment       0x00000053       0x54 c:/program files/microchip/xc32/v3.01/bin/bin/../../lib/gcc/pic32c/8.3.1/../../../../pic32c/lib/thumb/v7e-m+dp/hard\libpic32c.a(_close.o)
 .comment       0x00000053       0x54 c:/program files/microchip/xc32/v3.01/bin/bin/../../lib/gcc/pic32c/8.3.1/../../../../pic32c/lib/thumb/v7e-m+dp/hard\libpic32c.a(_fstat.o)
 .comment       0x00000053       0x54 c:/program files/microchip/xc32/v3.01/bin/bin/../../lib/gcc/pic32c/8.3.1/../../../../pic32c/lib/thumb/v7e-m+dp/hard\libpic32c.a(_isatty.o)
 .comment       0x00000053       0x54 c:/program files/microchip/xc32/v3.01/bin/bin/../../lib/gcc/pic32c/8.3.1/../../../../pic32c/lib/thumb/v7e-m+dp/hard\libpic32c.a(_lseek.o)
 .comment       0x00000053       0x54 c:/program files/microchip/xc32/v3.01/bin/bin/../../lib/gcc/pic32c/8.3.1/../../../../pic32c/lib/thumb/v7e-m+dp/hard\libpic32c.a(_read.o)
 .comment       0x00000053       0x54 c:/program files/microchip/xc32/v3.01/bin/bin/../../lib/gcc/pic32c/8.3.1/../../../../pic32c/lib/thumb/v7e-m+dp/hard\libpic32c.a(sbrk.o)
 .comment       0x00000053       0x54 c:/program files/microchip/xc32/v3.01/bin/bin/../../lib/gcc/pic32c/8.3.1/../../../../pic32c/lib/thumb/v7e-m+dp/hard\libpic32c.a(_write.o)
 .comment       0x00000053       0x54 c:/program files/microchip/xc32/v3.01/bin/bin/../../lib/gcc/pic32c/8.3.1/../../../../pic32c/lib/thumb/v7e-m+dp/hard\libpic32c.a(close.o)
 .comment       0x00000053       0x54 c:/program files/microchip/xc32/v3.01/bin/bin/../../lib/gcc/pic32c/8.3.1/../../../../pic32c/lib/thumb/v7e-m+dp/hard\libpic32c.a(fstat.o)
 .comment       0x00000053       0x54 c:/program files/microchip/xc32/v3.01/bin/bin/../../lib/gcc/pic32c/8.3.1/../../../../pic32c/lib/thumb/v7e-m+dp/hard\libpic32c.a(isatty.o)
 .comment       0x00000053       0x54 c:/program files/microchip/xc32/v3.01/bin/bin/../../lib/gcc/pic32c/8.3.1/../../../../pic32c/lib/thumb/v7e-m+dp/hard\libpic32c.a(lseek.o)
 .comment       0x00000053       0x54 c:/program files/microchip/xc32/v3.01/bin/bin/../../lib/gcc/pic32c/8.3.1/../../../../pic32c/lib/thumb/v7e-m+dp/hard\libpic32c.a(read.o)
 .comment       0x00000053       0x54 c:/program files/microchip/xc32/v3.01/bin/bin/../../lib/gcc/pic32c/8.3.1/../../../../pic32c/lib/thumb/v7e-m+dp/hard\libpic32c.a(write.o)

.debug_info     0x00000000    0x15ba0
 .debug_info    0x00000000     0x162a build/dt3_e70_xult/production/_ext/2117151973/bsp.o
 .debug_info    0x0000162a      0x9b8 build/dt3_e70_xult/production/_ext/1786375255/plib_clk.o
 .debug_info    0x00001fe2     0x1487 build/dt3_e70_xult/production/_ext/1786373527/plib_efc.o
 .debug_info    0x00003469      0xad2 build/dt3_e70_xult/production/_ext/457279291/plib_nvic.o
 .debug_info    0x00003f3b      0xfaa build/dt3_e70_xult/production/_ext/1786362851/plib_pio.o
 .debug_info    0x00004ee5      0xb26 build/dt3_e70_xult/production/_ext/737188943/plib_spi0_master.o
 .debug_info    0x00005a0b      0xd55 build/dt3_e70_xult/production/_ext/1297124300/plib_usart1.o
 .debug_info    0x00006760     0x10bd build/dt3_e70_xult/production/_ext/1215730769/xc32_monitor.o
 .debug_info    0x0000781d     0x1979 build/dt3_e70_xult/production/_ext/1477102667/initialization.o
 .debug_info    0x00009196     0x1b19 build/dt3_e70_xult/production/_ext/1477102667/interrupts.o
 .debug_info    0x0000acaf     0x1110 build/dt3_e70_xult/production/_ext/1477102667/exceptions.o
 .debug_info    0x0000bdbf      0xd32 build/dt3_e70_xult/production/_ext/1477102667/startup_xc32.o
 .debug_info    0x0000caf1     0x1035 build/dt3_e70_xult/production/_ext/1477102667/tasks.o
 .debug_info    0x0000db26     0x101f build/dt3_e70_xult/production/_ext/1360937237/main.o
 .debug_info    0x0000eb45     0x1104 build/dt3_e70_xult/production/_ext/1360937237/app.o
 .debug_info    0x0000fc49      0xd25 build/dt3_e70_xult/production/_ext/590620431/plib_systick.o
 .debug_info    0x0001096e     0x2c0d build/dt3_e70_xult/production/_ext/1510074072/sys_time.o
 .debug_info    0x0001357b      0x2d3 c:/program files/microchip/xc32/v3.01/bin/bin/../../lib/gcc/pic32c/8.3.1/../../../../pic32c/lib/thumb/v7e-m+dp/hard\libpic32c.a(data_init.o)
 .debug_info    0x0001384e      0x2b8 c:/program files/microchip/xc32/v3.01/bin/bin/../../lib/gcc/pic32c/8.3.1/../../../../pic32c/lib/thumb/v7e-m+dp/hard\libpic32c.a(_close.o)
 .debug_info    0x00013b06      0x2b8 c:/program files/microchip/xc32/v3.01/bin/bin/../../lib/gcc/pic32c/8.3.1/../../../../pic32c/lib/thumb/v7e-m+dp/hard\libpic32c.a(_fstat.o)
 .debug_info    0x00013dbe      0x2ba c:/program files/microchip/xc32/v3.01/bin/bin/../../lib/gcc/pic32c/8.3.1/../../../../pic32c/lib/thumb/v7e-m+dp/hard\libpic32c.a(_isatty.o)
 .debug_info    0x00014078      0x2b8 c:/program files/microchip/xc32/v3.01/bin/bin/../../lib/gcc/pic32c/8.3.1/../../../../pic32c/lib/thumb/v7e-m+dp/hard\libpic32c.a(_lseek.o)
 .debug_info    0x00014330      0x2b6 c:/program files/microchip/xc32/v3.01/bin/bin/../../lib/gcc/pic32c/8.3.1/../../../../pic32c/lib/thumb/v7e-m+dp/hard\libpic32c.a(_read.o)
 .debug_info    0x000145e6      0x2b6 c:/program files/microchip/xc32/v3.01/bin/bin/../../lib/gcc/pic32c/8.3.1/../../../../pic32c/lib/thumb/v7e-m+dp/hard\libpic32c.a(sbrk.o)
 .debug_info    0x0001489c      0x2b8 c:/program files/microchip/xc32/v3.01/bin/bin/../../lib/gcc/pic32c/8.3.1/../../../../pic32c/lib/thumb/v7e-m+dp/hard\libpic32c.a(_write.o)
 .debug_info    0x00014b54      0x2b7 c:/program files/microchip/xc32/v3.01/bin/bin/../../lib/gcc/pic32c/8.3.1/../../../../pic32c/lib/thumb/v7e-m+dp/hard\libpic32c.a(close.o)
 .debug_info    0x00014e0b      0x2b7 c:/program files/microchip/xc32/v3.01/bin/bin/../../lib/gcc/pic32c/8.3.1/../../../../pic32c/lib/thumb/v7e-m+dp/hard\libpic32c.a(fstat.o)
 .debug_info    0x000150c2      0x2b9 c:/program files/microchip/xc32/v3.01/bin/bin/../../lib/gcc/pic32c/8.3.1/../../../../pic32c/lib/thumb/v7e-m+dp/hard\libpic32c.a(isatty.o)
 .debug_info    0x0001537b      0x2b7 c:/program files/microchip/xc32/v3.01/bin/bin/../../lib/gcc/pic32c/8.3.1/../../../../pic32c/lib/thumb/v7e-m+dp/hard\libpic32c.a(lseek.o)
 .debug_info    0x00015632      0x2b6 c:/program files/microchip/xc32/v3.01/bin/bin/../../lib/gcc/pic32c/8.3.1/../../../../pic32c/lib/thumb/v7e-m+dp/hard\libpic32c.a(read.o)
 .debug_info    0x000158e8      0x2b8 c:/program files/microchip/xc32/v3.01/bin/bin/../../lib/gcc/pic32c/8.3.1/../../../../pic32c/lib/thumb/v7e-m+dp/hard\libpic32c.a(write.o)

.debug_abbrev   0x00000000     0x24b0
 .debug_abbrev  0x00000000      0x1cb build/dt3_e70_xult/production/_ext/2117151973/bsp.o
 .debug_abbrev  0x000001cb       0xd3 build/dt3_e70_xult/production/_ext/1786375255/plib_clk.o
 .debug_abbrev  0x0000029e      0x2bc build/dt3_e70_xult/production/_ext/1786373527/plib_efc.o
 .debug_abbrev  0x0000055a      0x1b1 build/dt3_e70_xult/production/_ext/457279291/plib_nvic.o
 .debug_abbrev  0x0000070b      0x171 build/dt3_e70_xult/production/_ext/1786362851/plib_pio.o
 .debug_abbrev  0x0000087c      0x1c8 build/dt3_e70_xult/production/_ext/737188943/plib_spi0_master.o
 .debug_abbrev  0x00000a44      0x1e5 build/dt3_e70_xult/production/_ext/1297124300/plib_usart1.o
 .debug_abbrev  0x00000c29      0x218 build/dt3_e70_xult/production/_ext/1215730769/xc32_monitor.o
 .debug_abbrev  0x00000e41      0x263 build/dt3_e70_xult/production/_ext/1477102667/initialization.o
 .debug_abbrev  0x000010a4      0x1e8 build/dt3_e70_xult/production/_ext/1477102667/interrupts.o
 .debug_abbrev  0x0000128c      0x1db build/dt3_e70_xult/production/_ext/1477102667/exceptions.o
 .debug_abbrev  0x00001467      0x213 build/dt3_e70_xult/production/_ext/1477102667/startup_xc32.o
 .debug_abbrev  0x0000167a      0x1d8 build/dt3_e70_xult/production/_ext/1477102667/tasks.o
 .debug_abbrev  0x00001852      0x1da build/dt3_e70_xult/production/_ext/1360937237/main.o
 .debug_abbrev  0x00001a2c      0x221 build/dt3_e70_xult/production/_ext/1360937237/app.o
 .debug_abbrev  0x00001c4d      0x19d build/dt3_e70_xult/production/_ext/590620431/plib_systick.o
 .debug_abbrev  0x00001dea      0x454 build/dt3_e70_xult/production/_ext/1510074072/sys_time.o
 .debug_abbrev  0x0000223e       0x2e c:/program files/microchip/xc32/v3.01/bin/bin/../../lib/gcc/pic32c/8.3.1/../../../../pic32c/lib/thumb/v7e-m+dp/hard\libpic32c.a(data_init.o)
 .debug_abbrev  0x0000226c       0x2b c:/program files/microchip/xc32/v3.01/bin/bin/../../lib/gcc/pic32c/8.3.1/../../../../pic32c/lib/thumb/v7e-m+dp/hard\libpic32c.a(_close.o)
 .debug_abbrev  0x00002297       0x2b c:/program files/microchip/xc32/v3.01/bin/bin/../../lib/gcc/pic32c/8.3.1/../../../../pic32c/lib/thumb/v7e-m+dp/hard\libpic32c.a(_fstat.o)
 .debug_abbrev  0x000022c2       0x2b c:/program files/microchip/xc32/v3.01/bin/bin/../../lib/gcc/pic32c/8.3.1/../../../../pic32c/lib/thumb/v7e-m+dp/hard\libpic32c.a(_isatty.o)
 .debug_abbrev  0x000022ed       0x2b c:/program files/microchip/xc32/v3.01/bin/bin/../../lib/gcc/pic32c/8.3.1/../../../../pic32c/lib/thumb/v7e-m+dp/hard\libpic32c.a(_lseek.o)
 .debug_abbrev  0x00002318       0x2b c:/program files/microchip/xc32/v3.01/bin/bin/../../lib/gcc/pic32c/8.3.1/../../../../pic32c/lib/thumb/v7e-m+dp/hard\libpic32c.a(_read.o)
 .debug_abbrev  0x00002343       0x2e c:/program files/microchip/xc32/v3.01/bin/bin/../../lib/gcc/pic32c/8.3.1/../../../../pic32c/lib/thumb/v7e-m+dp/hard\libpic32c.a(sbrk.o)
 .debug_abbrev  0x00002371       0x2b c:/program files/microchip/xc32/v3.01/bin/bin/../../lib/gcc/pic32c/8.3.1/../../../../pic32c/lib/thumb/v7e-m+dp/hard\libpic32c.a(_write.o)
 .debug_abbrev  0x0000239c       0x2e c:/program files/microchip/xc32/v3.01/bin/bin/../../lib/gcc/pic32c/8.3.1/../../../../pic32c/lib/thumb/v7e-m+dp/hard\libpic32c.a(close.o)
 .debug_abbrev  0x000023ca       0x2e c:/program files/microchip/xc32/v3.01/bin/bin/../../lib/gcc/pic32c/8.3.1/../../../../pic32c/lib/thumb/v7e-m+dp/hard\libpic32c.a(fstat.o)
 .debug_abbrev  0x000023f8       0x2e c:/program files/microchip/xc32/v3.01/bin/bin/../../lib/gcc/pic32c/8.3.1/../../../../pic32c/lib/thumb/v7e-m+dp/hard\libpic32c.a(isatty.o)
 .debug_abbrev  0x00002426       0x2e c:/program files/microchip/xc32/v3.01/bin/bin/../../lib/gcc/pic32c/8.3.1/../../../../pic32c/lib/thumb/v7e-m+dp/hard\libpic32c.a(lseek.o)
 .debug_abbrev  0x00002454       0x2e c:/program files/microchip/xc32/v3.01/bin/bin/../../lib/gcc/pic32c/8.3.1/../../../../pic32c/lib/thumb/v7e-m+dp/hard\libpic32c.a(read.o)
 .debug_abbrev  0x00002482       0x2e c:/program files/microchip/xc32/v3.01/bin/bin/../../lib/gcc/pic32c/8.3.1/../../../../pic32c/lib/thumb/v7e-m+dp/hard\libpic32c.a(write.o)

.debug_loc      0x00000000     0x24d4
 .debug_loc     0x00000000       0x44 build/dt3_e70_xult/production/_ext/2117151973/bsp.o
 .debug_loc     0x00000044      0x13c build/dt3_e70_xult/production/_ext/1786375255/plib_clk.o
 .debug_loc     0x00000180      0x3a0 build/dt3_e70_xult/production/_ext/1786373527/plib_efc.o
 .debug_loc     0x00000520      0x184 build/dt3_e70_xult/production/_ext/457279291/plib_nvic.o
 .debug_loc     0x000006a4      0x324 build/dt3_e70_xult/production/_ext/1786362851/plib_pio.o
 .debug_loc     0x000009c8      0x280 build/dt3_e70_xult/production/_ext/737188943/plib_spi0_master.o
 .debug_loc     0x00000c48      0x364 build/dt3_e70_xult/production/_ext/1297124300/plib_usart1.o
 .debug_loc     0x00000fac       0xa0 build/dt3_e70_xult/production/_ext/1215730769/xc32_monitor.o
 .debug_loc     0x0000104c       0x7c build/dt3_e70_xult/production/_ext/1477102667/initialization.o
 .debug_loc     0x000010c8      0x108 build/dt3_e70_xult/production/_ext/1477102667/exceptions.o
 .debug_loc     0x000011d0      0x178 build/dt3_e70_xult/production/_ext/1477102667/startup_xc32.o
 .debug_loc     0x00001348       0x2c build/dt3_e70_xult/production/_ext/1477102667/tasks.o
 .debug_loc     0x00001374       0x2c build/dt3_e70_xult/production/_ext/1360937237/main.o
 .debug_loc     0x000013a0       0x94 build/dt3_e70_xult/production/_ext/1360937237/app.o
 .debug_loc     0x00001434      0x430 build/dt3_e70_xult/production/_ext/590620431/plib_systick.o
 .debug_loc     0x00001864      0xc34 build/dt3_e70_xult/production/_ext/1510074072/sys_time.o
 .debug_loc     0x00002498       0x14 c:/program files/microchip/xc32/v3.01/bin/bin/../../lib/gcc/pic32c/8.3.1/../../../../pic32c/lib/thumb/v7e-m+dp/hard\libpic32c.a(data_init.o)
 .debug_loc     0x000024ac       0x14 c:/program files/microchip/xc32/v3.01/bin/bin/../../lib/gcc/pic32c/8.3.1/../../../../pic32c/lib/thumb/v7e-m+dp/hard\libpic32c.a(read.o)
 .debug_loc     0x000024c0       0x14 c:/program files/microchip/xc32/v3.01/bin/bin/../../lib/gcc/pic32c/8.3.1/../../../../pic32c/lib/thumb/v7e-m+dp/hard\libpic32c.a(write.o)

.debug_aranges  0x00000000      0x738
 .debug_aranges
                0x00000000       0x20 build/dt3_e70_xult/production/_ext/2117151973/bsp.o
 .debug_aranges
                0x00000020       0x40 build/dt3_e70_xult/production/_ext/1786375255/plib_clk.o
 .debug_aranges
                0x00000060       0x70 build/dt3_e70_xult/production/_ext/1786373527/plib_efc.o
 .debug_aranges
                0x000000d0       0x40 build/dt3_e70_xult/production/_ext/457279291/plib_nvic.o
 .debug_aranges
                0x00000110       0x60 build/dt3_e70_xult/production/_ext/1786362851/plib_pio.o
 .debug_aranges
                0x00000170       0x58 build/dt3_e70_xult/production/_ext/737188943/plib_spi0_master.o
 .debug_aranges
                0x000001c8       0x70 build/dt3_e70_xult/production/_ext/1297124300/plib_usart1.o
 .debug_aranges
                0x00000238       0x28 build/dt3_e70_xult/production/_ext/1215730769/xc32_monitor.o
 .debug_aranges
                0x00000260       0x28 build/dt3_e70_xult/production/_ext/1477102667/initialization.o
 .debug_aranges
                0x00000288       0x20 build/dt3_e70_xult/production/_ext/1477102667/interrupts.o
 .debug_aranges
                0x000002a8       0x48 build/dt3_e70_xult/production/_ext/1477102667/exceptions.o
 .debug_aranges
                0x000002f0       0x50 build/dt3_e70_xult/production/_ext/1477102667/startup_xc32.o
 .debug_aranges
                0x00000340       0x20 build/dt3_e70_xult/production/_ext/1477102667/tasks.o
 .debug_aranges
                0x00000360       0x20 build/dt3_e70_xult/production/_ext/1360937237/main.o
 .debug_aranges
                0x00000380       0x28 build/dt3_e70_xult/production/_ext/1360937237/app.o
 .debug_aranges
                0x000003a8       0x88 build/dt3_e70_xult/production/_ext/590620431/plib_systick.o
 .debug_aranges
                0x00000430      0x148 build/dt3_e70_xult/production/_ext/1510074072/sys_time.o
 .debug_aranges
                0x00000578       0x20 c:/program files/microchip/xc32/v3.01/bin/bin/../../lib/gcc/pic32c/8.3.1/../../../../pic32c/lib/thumb/v7e-m+dp/hard\libpic32c.a(data_init.o)
 .debug_aranges
                0x00000598       0x20 c:/program files/microchip/xc32/v3.01/bin/bin/../../lib/gcc/pic32c/8.3.1/../../../../pic32c/lib/thumb/v7e-m+dp/hard\libpic32c.a(_close.o)
 .debug_aranges
                0x000005b8       0x20 c:/program files/microchip/xc32/v3.01/bin/bin/../../lib/gcc/pic32c/8.3.1/../../../../pic32c/lib/thumb/v7e-m+dp/hard\libpic32c.a(_fstat.o)
 .debug_aranges
                0x000005d8       0x20 c:/program files/microchip/xc32/v3.01/bin/bin/../../lib/gcc/pic32c/8.3.1/../../../../pic32c/lib/thumb/v7e-m+dp/hard\libpic32c.a(_isatty.o)
 .debug_aranges
                0x000005f8       0x20 c:/program files/microchip/xc32/v3.01/bin/bin/../../lib/gcc/pic32c/8.3.1/../../../../pic32c/lib/thumb/v7e-m+dp/hard\libpic32c.a(_lseek.o)
 .debug_aranges
                0x00000618       0x20 c:/program files/microchip/xc32/v3.01/bin/bin/../../lib/gcc/pic32c/8.3.1/../../../../pic32c/lib/thumb/v7e-m+dp/hard\libpic32c.a(_read.o)
 .debug_aranges
                0x00000638       0x20 c:/program files/microchip/xc32/v3.01/bin/bin/../../lib/gcc/pic32c/8.3.1/../../../../pic32c/lib/thumb/v7e-m+dp/hard\libpic32c.a(sbrk.o)
 .debug_aranges
                0x00000658       0x20 c:/program files/microchip/xc32/v3.01/bin/bin/../../lib/gcc/pic32c/8.3.1/../../../../pic32c/lib/thumb/v7e-m+dp/hard\libpic32c.a(_write.o)
 .debug_aranges
                0x00000678       0x20 c:/program files/microchip/xc32/v3.01/bin/bin/../../lib/gcc/pic32c/8.3.1/../../../../pic32c/lib/thumb/v7e-m+dp/hard\libpic32c.a(close.o)
 .debug_aranges
                0x00000698       0x20 c:/program files/microchip/xc32/v3.01/bin/bin/../../lib/gcc/pic32c/8.3.1/../../../../pic32c/lib/thumb/v7e-m+dp/hard\libpic32c.a(fstat.o)
 .debug_aranges
                0x000006b8       0x20 c:/program files/microchip/xc32/v3.01/bin/bin/../../lib/gcc/pic32c/8.3.1/../../../../pic32c/lib/thumb/v7e-m+dp/hard\libpic32c.a(isatty.o)
 .debug_aranges
                0x000006d8       0x20 c:/program files/microchip/xc32/v3.01/bin/bin/../../lib/gcc/pic32c/8.3.1/../../../../pic32c/lib/thumb/v7e-m+dp/hard\libpic32c.a(lseek.o)
 .debug_aranges
                0x000006f8       0x20 c:/program files/microchip/xc32/v3.01/bin/bin/../../lib/gcc/pic32c/8.3.1/../../../../pic32c/lib/thumb/v7e-m+dp/hard\libpic32c.a(read.o)
 .debug_aranges
                0x00000718       0x20 c:/program files/microchip/xc32/v3.01/bin/bin/../../lib/gcc/pic32c/8.3.1/../../../../pic32c/lib/thumb/v7e-m+dp/hard\libpic32c.a(write.o)

.debug_ranges   0x00000000      0x578
 .debug_ranges  0x00000000       0x10 build/dt3_e70_xult/production/_ext/2117151973/bsp.o
 .debug_ranges  0x00000010       0x30 build/dt3_e70_xult/production/_ext/1786375255/plib_clk.o
 .debug_ranges  0x00000040       0x60 build/dt3_e70_xult/production/_ext/1786373527/plib_efc.o
 .debug_ranges  0x000000a0       0x30 build/dt3_e70_xult/production/_ext/457279291/plib_nvic.o
 .debug_ranges  0x000000d0       0x50 build/dt3_e70_xult/production/_ext/1786362851/plib_pio.o
 .debug_ranges  0x00000120       0x48 build/dt3_e70_xult/production/_ext/737188943/plib_spi0_master.o
 .debug_ranges  0x00000168       0x60 build/dt3_e70_xult/production/_ext/1297124300/plib_usart1.o
 .debug_ranges  0x000001c8       0x18 build/dt3_e70_xult/production/_ext/1215730769/xc32_monitor.o
 .debug_ranges  0x000001e0       0x18 build/dt3_e70_xult/production/_ext/1477102667/initialization.o
 .debug_ranges  0x000001f8       0x10 build/dt3_e70_xult/production/_ext/1477102667/interrupts.o
 .debug_ranges  0x00000208       0x38 build/dt3_e70_xult/production/_ext/1477102667/exceptions.o
 .debug_ranges  0x00000240       0x70 build/dt3_e70_xult/production/_ext/1477102667/startup_xc32.o
 .debug_ranges  0x000002b0       0x10 build/dt3_e70_xult/production/_ext/1477102667/tasks.o
 .debug_ranges  0x000002c0       0x10 build/dt3_e70_xult/production/_ext/1360937237/main.o
 .debug_ranges  0x000002d0       0x18 build/dt3_e70_xult/production/_ext/1360937237/app.o
 .debug_ranges  0x000002e8       0x78 build/dt3_e70_xult/production/_ext/590620431/plib_systick.o
 .debug_ranges  0x00000360      0x138 build/dt3_e70_xult/production/_ext/1510074072/sys_time.o
 .debug_ranges  0x00000498       0x10 c:/program files/microchip/xc32/v3.01/bin/bin/../../lib/gcc/pic32c/8.3.1/../../../../pic32c/lib/thumb/v7e-m+dp/hard\libpic32c.a(data_init.o)
 .debug_ranges  0x000004a8       0x10 c:/program files/microchip/xc32/v3.01/bin/bin/../../lib/gcc/pic32c/8.3.1/../../../../pic32c/lib/thumb/v7e-m+dp/hard\libpic32c.a(_close.o)
 .debug_ranges  0x000004b8       0x10 c:/program files/microchip/xc32/v3.01/bin/bin/../../lib/gcc/pic32c/8.3.1/../../../../pic32c/lib/thumb/v7e-m+dp/hard\libpic32c.a(_fstat.o)
 .debug_ranges  0x000004c8       0x10 c:/program files/microchip/xc32/v3.01/bin/bin/../../lib/gcc/pic32c/8.3.1/../../../../pic32c/lib/thumb/v7e-m+dp/hard\libpic32c.a(_isatty.o)
 .debug_ranges  0x000004d8       0x10 c:/program files/microchip/xc32/v3.01/bin/bin/../../lib/gcc/pic32c/8.3.1/../../../../pic32c/lib/thumb/v7e-m+dp/hard\libpic32c.a(_lseek.o)
 .debug_ranges  0x000004e8       0x10 c:/program files/microchip/xc32/v3.01/bin/bin/../../lib/gcc/pic32c/8.3.1/../../../../pic32c/lib/thumb/v7e-m+dp/hard\libpic32c.a(_read.o)
 .debug_ranges  0x000004f8       0x10 c:/program files/microchip/xc32/v3.01/bin/bin/../../lib/gcc/pic32c/8.3.1/../../../../pic32c/lib/thumb/v7e-m+dp/hard\libpic32c.a(sbrk.o)
 .debug_ranges  0x00000508       0x10 c:/program files/microchip/xc32/v3.01/bin/bin/../../lib/gcc/pic32c/8.3.1/../../../../pic32c/lib/thumb/v7e-m+dp/hard\libpic32c.a(_write.o)
 .debug_ranges  0x00000518       0x10 c:/program files/microchip/xc32/v3.01/bin/bin/../../lib/gcc/pic32c/8.3.1/../../../../pic32c/lib/thumb/v7e-m+dp/hard\libpic32c.a(close.o)
 .debug_ranges  0x00000528       0x10 c:/program files/microchip/xc32/v3.01/bin/bin/../../lib/gcc/pic32c/8.3.1/../../../../pic32c/lib/thumb/v7e-m+dp/hard\libpic32c.a(fstat.o)
 .debug_ranges  0x00000538       0x10 c:/program files/microchip/xc32/v3.01/bin/bin/../../lib/gcc/pic32c/8.3.1/../../../../pic32c/lib/thumb/v7e-m+dp/hard\libpic32c.a(isatty.o)
 .debug_ranges  0x00000548       0x10 c:/program files/microchip/xc32/v3.01/bin/bin/../../lib/gcc/pic32c/8.3.1/../../../../pic32c/lib/thumb/v7e-m+dp/hard\libpic32c.a(lseek.o)
 .debug_ranges  0x00000558       0x10 c:/program files/microchip/xc32/v3.01/bin/bin/../../lib/gcc/pic32c/8.3.1/../../../../pic32c/lib/thumb/v7e-m+dp/hard\libpic32c.a(read.o)
 .debug_ranges  0x00000568       0x10 c:/program files/microchip/xc32/v3.01/bin/bin/../../lib/gcc/pic32c/8.3.1/../../../../pic32c/lib/thumb/v7e-m+dp/hard\libpic32c.a(write.o)

.debug_line     0x00000000     0x4691
 .debug_line    0x00000000      0x20b build/dt3_e70_xult/production/_ext/2117151973/bsp.o
 .debug_line    0x0000020b      0x269 build/dt3_e70_xult/production/_ext/1786375255/plib_clk.o
 .debug_line    0x00000474      0x3ff build/dt3_e70_xult/production/_ext/1786373527/plib_efc.o
 .debug_line    0x00000873      0x230 build/dt3_e70_xult/production/_ext/457279291/plib_nvic.o
 .debug_line    0x00000aa3      0x3b7 build/dt3_e70_xult/production/_ext/1786362851/plib_pio.o
 .debug_line    0x00000e5a      0x413 build/dt3_e70_xult/production/_ext/737188943/plib_spi0_master.o
 .debug_line    0x0000126d      0x456 build/dt3_e70_xult/production/_ext/1297124300/plib_usart1.o
 .debug_line    0x000016c3      0x2aa build/dt3_e70_xult/production/_ext/1215730769/xc32_monitor.o
 .debug_line    0x0000196d      0x38d build/dt3_e70_xult/production/_ext/1477102667/initialization.o
 .debug_line    0x00001cfa      0x267 build/dt3_e70_xult/production/_ext/1477102667/interrupts.o
 .debug_line    0x00001f61      0x2be build/dt3_e70_xult/production/_ext/1477102667/exceptions.o
 .debug_line    0x0000221f      0x3ad build/dt3_e70_xult/production/_ext/1477102667/startup_xc32.o
 .debug_line    0x000025cc      0x256 build/dt3_e70_xult/production/_ext/1477102667/tasks.o
 .debug_line    0x00002822      0x259 build/dt3_e70_xult/production/_ext/1360937237/main.o
 .debug_line    0x00002a7b      0x2dc build/dt3_e70_xult/production/_ext/1360937237/app.o
 .debug_line    0x00002d57      0x35c build/dt3_e70_xult/production/_ext/590620431/plib_systick.o
 .debug_line    0x000030b3      0xbf0 build/dt3_e70_xult/production/_ext/1510074072/sys_time.o
 .debug_line    0x00003ca3      0x110 c:/program files/microchip/xc32/v3.01/bin/bin/../../lib/gcc/pic32c/8.3.1/../../../../pic32c/lib/thumb/v7e-m+dp/hard\libpic32c.a(data_init.o)
 .debug_line    0x00003db3       0x9f c:/program files/microchip/xc32/v3.01/bin/bin/../../lib/gcc/pic32c/8.3.1/../../../../pic32c/lib/thumb/v7e-m+dp/hard\libpic32c.a(_close.o)
 .debug_line    0x00003e52       0x9f c:/program files/microchip/xc32/v3.01/bin/bin/../../lib/gcc/pic32c/8.3.1/../../../../pic32c/lib/thumb/v7e-m+dp/hard\libpic32c.a(_fstat.o)
 .debug_line    0x00003ef1       0xa0 c:/program files/microchip/xc32/v3.01/bin/bin/../../lib/gcc/pic32c/8.3.1/../../../../pic32c/lib/thumb/v7e-m+dp/hard\libpic32c.a(_isatty.o)
 .debug_line    0x00003f91       0x9f c:/program files/microchip/xc32/v3.01/bin/bin/../../lib/gcc/pic32c/8.3.1/../../../../pic32c/lib/thumb/v7e-m+dp/hard\libpic32c.a(_lseek.o)
 .debug_line    0x00004030       0x9e c:/program files/microchip/xc32/v3.01/bin/bin/../../lib/gcc/pic32c/8.3.1/../../../../pic32c/lib/thumb/v7e-m+dp/hard\libpic32c.a(_read.o)
 .debug_line    0x000040ce       0xb5 c:/program files/microchip/xc32/v3.01/bin/bin/../../lib/gcc/pic32c/8.3.1/../../../../pic32c/lib/thumb/v7e-m+dp/hard\libpic32c.a(sbrk.o)
 .debug_line    0x00004183       0x9f c:/program files/microchip/xc32/v3.01/bin/bin/../../lib/gcc/pic32c/8.3.1/../../../../pic32c/lib/thumb/v7e-m+dp/hard\libpic32c.a(_write.o)
 .debug_line    0x00004222       0x9e c:/program files/microchip/xc32/v3.01/bin/bin/../../lib/gcc/pic32c/8.3.1/../../../../pic32c/lib/thumb/v7e-m+dp/hard\libpic32c.a(close.o)
 .debug_line    0x000042c0      0x106 c:/program files/microchip/xc32/v3.01/bin/bin/../../lib/gcc/pic32c/8.3.1/../../../../pic32c/lib/thumb/v7e-m+dp/hard\libpic32c.a(fstat.o)
 .debug_line    0x000043c6       0x9d c:/program files/microchip/xc32/v3.01/bin/bin/../../lib/gcc/pic32c/8.3.1/../../../../pic32c/lib/thumb/v7e-m+dp/hard\libpic32c.a(isatty.o)
 .debug_line    0x00004463       0x9e c:/program files/microchip/xc32/v3.01/bin/bin/../../lib/gcc/pic32c/8.3.1/../../../../pic32c/lib/thumb/v7e-m+dp/hard\libpic32c.a(lseek.o)
 .debug_line    0x00004501       0xc0 c:/program files/microchip/xc32/v3.01/bin/bin/../../lib/gcc/pic32c/8.3.1/../../../../pic32c/lib/thumb/v7e-m+dp/hard\libpic32c.a(read.o)
 .debug_line    0x000045c1       0xd0 c:/program files/microchip/xc32/v3.01/bin/bin/../../lib/gcc/pic32c/8.3.1/../../../../pic32c/lib/thumb/v7e-m+dp/hard\libpic32c.a(write.o)

.debug_str      0x00000000      0x222
 .debug_str     0x00000000        0xe build/dt3_e70_xult/production/_ext/2117151973/bsp.o
 .debug_str     0x0000000e        0x0 build/dt3_e70_xult/production/_ext/1786375255/plib_clk.o
 .debug_str     0x0000000e       0x22 build/dt3_e70_xult/production/_ext/1786373527/plib_efc.o
 .debug_str     0x00000030        0x0 build/dt3_e70_xult/production/_ext/457279291/plib_nvic.o
 .debug_str     0x00000030       0x46 build/dt3_e70_xult/production/_ext/1786362851/plib_pio.o
 .debug_str     0x00000076       0x24 build/dt3_e70_xult/production/_ext/737188943/plib_spi0_master.o
 .debug_str     0x0000009a       0x15 build/dt3_e70_xult/production/_ext/1297124300/plib_usart1.o
 .debug_str     0x000000af        0xe build/dt3_e70_xult/production/_ext/1215730769/xc32_monitor.o
 .debug_str     0x000000bd        0xe build/dt3_e70_xult/production/_ext/1477102667/initialization.o
 .debug_str     0x000000cb        0xe build/dt3_e70_xult/production/_ext/1477102667/interrupts.o
 .debug_str     0x000000d9        0xe build/dt3_e70_xult/production/_ext/1477102667/exceptions.o
 .debug_str     0x000000e7        0x0 build/dt3_e70_xult/production/_ext/1477102667/startup_xc32.o
 .debug_str     0x000000e7        0xe build/dt3_e70_xult/production/_ext/1477102667/tasks.o
 .debug_str     0x000000f5        0xe build/dt3_e70_xult/production/_ext/1360937237/main.o
 .debug_str     0x00000103        0xe build/dt3_e70_xult/production/_ext/1360937237/app.o
 .debug_str     0x00000111       0x45 build/dt3_e70_xult/production/_ext/590620431/plib_systick.o
 .debug_str     0x00000156       0xcc build/dt3_e70_xult/production/_ext/1510074072/sys_time.o
 .debug_str     0x00000222        0x0 c:/program files/microchip/xc32/v3.01/bin/bin/../../lib/gcc/pic32c/8.3.1/../../../../pic32c/lib/thumb/v7e-m+dp/hard\libpic32c.a(data_init.o)
 .debug_str     0x00000222        0x0 c:/program files/microchip/xc32/v3.01/bin/bin/../../lib/gcc/pic32c/8.3.1/../../../../pic32c/lib/thumb/v7e-m+dp/hard\libpic32c.a(_close.o)
 .debug_str     0x00000222        0x0 c:/program files/microchip/xc32/v3.01/bin/bin/../../lib/gcc/pic32c/8.3.1/../../../../pic32c/lib/thumb/v7e-m+dp/hard\libpic32c.a(_fstat.o)
 .debug_str     0x00000222        0x0 c:/program files/microchip/xc32/v3.01/bin/bin/../../lib/gcc/pic32c/8.3.1/../../../../pic32c/lib/thumb/v7e-m+dp/hard\libpic32c.a(_isatty.o)
 .debug_str     0x00000222        0x0 c:/program files/microchip/xc32/v3.01/bin/bin/../../lib/gcc/pic32c/8.3.1/../../../../pic32c/lib/thumb/v7e-m+dp/hard\libpic32c.a(_lseek.o)
 .debug_str     0x00000222        0x0 c:/program files/microchip/xc32/v3.01/bin/bin/../../lib/gcc/pic32c/8.3.1/../../../../pic32c/lib/thumb/v7e-m+dp/hard\libpic32c.a(_read.o)
 .debug_str     0x00000222        0x0 c:/program files/microchip/xc32/v3.01/bin/bin/../../lib/gcc/pic32c/8.3.1/../../../../pic32c/lib/thumb/v7e-m+dp/hard\libpic32c.a(sbrk.o)
 .debug_str     0x00000222        0x0 c:/program files/microchip/xc32/v3.01/bin/bin/../../lib/gcc/pic32c/8.3.1/../../../../pic32c/lib/thumb/v7e-m+dp/hard\libpic32c.a(_write.o)
 .debug_str     0x00000222        0x0 c:/program files/microchip/xc32/v3.01/bin/bin/../../lib/gcc/pic32c/8.3.1/../../../../pic32c/lib/thumb/v7e-m+dp/hard\libpic32c.a(close.o)
 .debug_str     0x00000222        0x0 c:/program files/microchip/xc32/v3.01/bin/bin/../../lib/gcc/pic32c/8.3.1/../../../../pic32c/lib/thumb/v7e-m+dp/hard\libpic32c.a(fstat.o)
 .debug_str     0x00000222        0x0 c:/program files/microchip/xc32/v3.01/bin/bin/../../lib/gcc/pic32c/8.3.1/../../../../pic32c/lib/thumb/v7e-m+dp/hard\libpic32c.a(isatty.o)
 .debug_str     0x00000222        0x0 c:/program files/microchip/xc32/v3.01/bin/bin/../../lib/gcc/pic32c/8.3.1/../../../../pic32c/lib/thumb/v7e-m+dp/hard\libpic32c.a(lseek.o)
 .debug_str     0x00000222        0x0 c:/program files/microchip/xc32/v3.01/bin/bin/../../lib/gcc/pic32c/8.3.1/../../../../pic32c/lib/thumb/v7e-m+dp/hard\libpic32c.a(read.o)
 .debug_str     0x00000222        0x0 c:/program files/microchip/xc32/v3.01/bin/bin/../../lib/gcc/pic32c/8.3.1/../../../../pic32c/lib/thumb/v7e-m+dp/hard\libpic32c.a(write.o)

.debug_frame    0x00000000     0x1428
 .debug_frame   0x00000000       0x30 build/dt3_e70_xult/production/_ext/2117151973/bsp.o
 .debug_frame   0x00000030       0xac build/dt3_e70_xult/production/_ext/1786375255/plib_clk.o
 .debug_frame   0x000000dc      0x1ac build/dt3_e70_xult/production/_ext/1786373527/plib_efc.o
 .debug_frame   0x00000288       0xc4 build/dt3_e70_xult/production/_ext/457279291/plib_nvic.o
 .debug_frame   0x0000034c      0x170 build/dt3_e70_xult/production/_ext/1786362851/plib_pio.o
 .debug_frame   0x000004bc      0x13c build/dt3_e70_xult/production/_ext/737188943/plib_spi0_master.o
 .debug_frame   0x000005f8      0x198 build/dt3_e70_xult/production/_ext/1297124300/plib_usart1.o
 .debug_frame   0x00000790       0x58 build/dt3_e70_xult/production/_ext/1215730769/xc32_monitor.o
 .debug_frame   0x000007e8       0x50 build/dt3_e70_xult/production/_ext/1477102667/initialization.o
 .debug_frame   0x00000838       0x20 build/dt3_e70_xult/production/_ext/1477102667/interrupts.o
 .debug_frame   0x00000858       0xa0 build/dt3_e70_xult/production/_ext/1477102667/exceptions.o
 .debug_frame   0x000008f8       0xe0 build/dt3_e70_xult/production/_ext/1477102667/startup_xc32.o
 .debug_frame   0x000009d8       0x2c build/dt3_e70_xult/production/_ext/1477102667/tasks.o
 .debug_frame   0x00000a04       0x2c build/dt3_e70_xult/production/_ext/1360937237/main.o
 .debug_frame   0x00000a30       0x54 build/dt3_e70_xult/production/_ext/1360937237/app.o
 .debug_frame   0x00000a84      0x1f8 build/dt3_e70_xult/production/_ext/590620431/plib_systick.o
 .debug_frame   0x00000c7c      0x5bc build/dt3_e70_xult/production/_ext/1510074072/sys_time.o
 .debug_frame   0x00001238       0x38 c:/program files/microchip/xc32/v3.01/bin/bin/../../lib/gcc/pic32c/8.3.1/../../../../pic32c/lib/thumb/v7e-m+dp/hard\libpic32c.a(data_init.o)
 .debug_frame   0x00001270       0x20 c:/program files/microchip/xc32/v3.01/bin/bin/../../lib/gcc/pic32c/8.3.1/../../../../pic32c/lib/thumb/v7e-m+dp/hard\libpic32c.a(_close.o)
 .debug_frame   0x00001290       0x20 c:/program files/microchip/xc32/v3.01/bin/bin/../../lib/gcc/pic32c/8.3.1/../../../../pic32c/lib/thumb/v7e-m+dp/hard\libpic32c.a(_fstat.o)
 .debug_frame   0x000012b0       0x20 c:/program files/microchip/xc32/v3.01/bin/bin/../../lib/gcc/pic32c/8.3.1/../../../../pic32c/lib/thumb/v7e-m+dp/hard\libpic32c.a(_isatty.o)
 .debug_frame   0x000012d0       0x20 c:/program files/microchip/xc32/v3.01/bin/bin/../../lib/gcc/pic32c/8.3.1/../../../../pic32c/lib/thumb/v7e-m+dp/hard\libpic32c.a(_lseek.o)
 .debug_frame   0x000012f0       0x20 c:/program files/microchip/xc32/v3.01/bin/bin/../../lib/gcc/pic32c/8.3.1/../../../../pic32c/lib/thumb/v7e-m+dp/hard\libpic32c.a(_read.o)
 .debug_frame   0x00001310       0x20 c:/program files/microchip/xc32/v3.01/bin/bin/../../lib/gcc/pic32c/8.3.1/../../../../pic32c/lib/thumb/v7e-m+dp/hard\libpic32c.a(sbrk.o)
 .debug_frame   0x00001330       0x20 c:/program files/microchip/xc32/v3.01/bin/bin/../../lib/gcc/pic32c/8.3.1/../../../../pic32c/lib/thumb/v7e-m+dp/hard\libpic32c.a(_write.o)
 .debug_frame   0x00001350       0x20 c:/program files/microchip/xc32/v3.01/bin/bin/../../lib/gcc/pic32c/8.3.1/../../../../pic32c/lib/thumb/v7e-m+dp/hard\libpic32c.a(close.o)
 .debug_frame   0x00001370       0x20 c:/program files/microchip/xc32/v3.01/bin/bin/../../lib/gcc/pic32c/8.3.1/../../../../pic32c/lib/thumb/v7e-m+dp/hard\libpic32c.a(fstat.o)
 .debug_frame   0x00001390       0x20 c:/program files/microchip/xc32/v3.01/bin/bin/../../lib/gcc/pic32c/8.3.1/../../../../pic32c/lib/thumb/v7e-m+dp/hard\libpic32c.a(isatty.o)
 .debug_frame   0x000013b0       0x20 c:/program files/microchip/xc32/v3.01/bin/bin/../../lib/gcc/pic32c/8.3.1/../../../../pic32c/lib/thumb/v7e-m+dp/hard\libpic32c.a(lseek.o)
 .debug_frame   0x000013d0       0x2c c:/program files/microchip/xc32/v3.01/bin/bin/../../lib/gcc/pic32c/8.3.1/../../../../pic32c/lib/thumb/v7e-m+dp/hard\libpic32c.a(read.o)
 .debug_frame   0x000013fc       0x2c c:/program files/microchip/xc32/v3.01/bin/bin/../../lib/gcc/pic32c/8.3.1/../../../../pic32c/lib/thumb/v7e-m+dp/hard\libpic32c.a(write.o)

.stack          0x20400560      0x100
 .stack         0x20400560      0x100 stack

.data.__global_locale%1
                0x20400004      0x16c
 .data.__global_locale
                0x20400004      0x16c c:/program files/microchip/xc32/v3.01/bin/bin/../../lib/gcc/pic32c/8.3.1/../../../../pic32c/lib/thumb/v7e-m+dp/hard\libc_nano.a(lib_a-locale.o)
                0x20400004                __global_locale

.bss.timers%2   0x20400170       0xa0
 .bss.timers    0x20400170       0xa0 build/dt3_e70_xult/production/_ext/1510074072/sys_time.o

.data.impure_data%3
                0x20400210       0x60
 .data.impure_data
                0x20400210       0x60 c:/program files/microchip/xc32/v3.01/bin/bin/../../lib/gcc/pic32c/8.3.1/../../../../pic32c/lib/thumb/v7e-m+dp/hard\libc_nano.a(lib_a-impure.o)

.bss.gSystemCounterObj%4
                0x20400270       0x28
 .bss.gSystemCounterObj
                0x20400270       0x28 build/dt3_e70_xult/production/_ext/1510074072/sys_time.o

.bss.__sf_fake_stderr%5
                0x20400298       0x20
 .bss.__sf_fake_stderr
                0x20400298       0x20 c:/program files/microchip/xc32/v3.01/bin/bin/../../lib/gcc/pic32c/8.3.1/../../../../pic32c/lib/thumb/v7e-m+dp/hard\libc_nano.a(lib_a-findfp.o)
                0x20400298                __sf_fake_stderr

.bss.__sf_fake_stdin%6
                0x204002b8       0x20
 .bss.__sf_fake_stdin
                0x204002b8       0x20 c:/program files/microchip/xc32/v3.01/bin/bin/../../lib/gcc/pic32c/8.3.1/../../../../pic32c/lib/thumb/v7e-m+dp/hard\libc_nano.a(lib_a-findfp.o)
                0x204002b8                __sf_fake_stdin

.bss.__sf_fake_stdout%7
                0x204002d8       0x20
 .bss.__sf_fake_stdout
                0x204002d8       0x20 c:/program files/microchip/xc32/v3.01/bin/bin/../../lib/gcc/pic32c/8.3.1/../../../../pic32c/lib/thumb/v7e-m+dp/hard\libc_nano.a(lib_a-findfp.o)
                0x204002d8                __sf_fake_stdout

.bss%8          0x204002f8       0x1c
 .bss           0x204002f8       0x1c c:/program files/microchip/xc32/v3.01/bin/bin/../../lib/gcc/pic32c/8.3.1/thumb/v7e-m+dp/hard/crtbegin.o

.bss.systick%9  0x20400314        0xc
 .bss.systick   0x20400314        0xc build/dt3_e70_xult/production/_ext/590620431/plib_systick.o

.bss.sysObj%10  0x20400320        0x4
 .bss.sysObj    0x20400320        0x4 build/dt3_e70_xult/production/_ext/1477102667/initialization.o
                0x20400320                sysObj

.bss.gpnvmReg.7934%11
                0x20400324        0x4
 .bss.gpnvmReg.7934
                0x20400324        0x4 build/dt3_e70_xult/production/_ext/1477102667/startup_xc32.o

.bss.cmd.7935%12
                0x20400328        0x4
 .bss.cmd.7935  0x20400328        0x4 build/dt3_e70_xult/production/_ext/1477102667/startup_xc32.o

.bss%13         0x2040032c        0x4
 .bss           0x2040032c        0x4 c:/program files/microchip/xc32/v3.01/bin/bin/../../lib/gcc/pic32c/8.3.1/../../../../pic32c/lib/thumb/v7e-m+dp/hard\libpic32c.a(data_init.o)

.data._impure_ptr%14
                0x20400330        0x4
 .data._impure_ptr
                0x20400330        0x4 c:/program files/microchip/xc32/v3.01/bin/bin/../../lib/gcc/pic32c/8.3.1/../../../../pic32c/lib/thumb/v7e-m+dp/hard\libc_nano.a(lib_a-impure.o)
                0x20400330                _impure_ptr

.bss.__malloc_free_list%15
                0x20400334        0x4
 .bss.__malloc_free_list
                0x20400334        0x4 c:/program files/microchip/xc32/v3.01/bin/bin/../../lib/gcc/pic32c/8.3.1/../../../../pic32c/lib/thumb/v7e-m+dp/hard\libc_nano.a(lib_a-nano-mallocr.o)
                0x20400334                __malloc_free_list

.bss.__malloc_sbrk_start%16
                0x20400338        0x4
 .bss.__malloc_sbrk_start
                0x20400338        0x4 c:/program files/microchip/xc32/v3.01/bin/bin/../../lib/gcc/pic32c/8.3.1/../../../../pic32c/lib/thumb/v7e-m+dp/hard\libc_nano.a(lib_a-nano-mallocr.o)
                0x20400338                __malloc_sbrk_start

.bss%17         0x2040033c        0x4
 .bss           0x2040033c        0x4 c:/program files/microchip/xc32/v3.01/bin/bin/../../lib/gcc/pic32c/8.3.1/../../../../pic32c/lib/thumb/v7e-m+dp/hard\libpic32c.a(sbrk.o)

.bss.is_initialized%18
                0x20400340        0x1
 .bss.is_initialized
                0x20400340        0x1 build/dt3_e70_xult/production/_ext/1360937237/app.o
                0x20400340                is_initialized

.eh_frame%z1    0x00000000        0x0
 .eh_frame      0x00000000        0x0 c:/program files/microchip/xc32/v3.01/bin/bin/../../lib/gcc/pic32c/8.3.1/thumb/v7e-m+dp/hard/crtbegin.o

.text._dtoa_r%19
                0x00400188      0xa68
 .text._dtoa_r  0x00400188      0xa68 c:/program files/microchip/xc32/v3.01/bin/bin/../../lib/gcc/pic32c/8.3.1/../../../../pic32c/lib/thumb/v7e-m+dp/hard\libc_nano.a(lib_a-dtoa.o)
                0x00400188                _dtoa_r

.text._printf_float%20
                0x00400bf0      0x518
 .text._printf_float
                0x00400bf0      0x518 c:/program files/microchip/xc32/v3.01/bin/bin/../../lib/gcc/pic32c/8.3.1/../../../../pic32c/lib/thumb/v7e-m+dp/hard\libc_nano.a(lib_a-nano-vfprintf_float.o)
                0x00400bf0                _printf_float

.dinit%21       0x00401108      0x2c0
 .dinit         0x00401108      0x2c0 data_init

.text._printf_i%22
                0x004013c8      0x228
 .text._printf_i
                0x004013c8      0x228 c:/program files/microchip/xc32/v3.01/bin/bin/../../lib/gcc/pic32c/8.3.1/../../../../pic32c/lib/thumb/v7e-m+dp/hard\libc_nano.a(lib_a-nano-vfprintf_i.o)
                0x004013c8                _printf_i

.text.PIO_Initialize%23
                0x004015f0      0x1f8
 .text.PIO_Initialize
                0x004015f0      0x1f8 build/dt3_e70_xult/production/_ext/1786362851/plib_pio.o
                0x004015f0                PIO_Initialize

.text._vfprintf_r%24
                0x004017e8      0x1f8
 .text._vfprintf_r
                0x004017e8      0x1f8 c:/program files/microchip/xc32/v3.01/bin/bin/../../lib/gcc/pic32c/8.3.1/../../../../pic32c/lib/thumb/v7e-m+dp/hard\libc_nano.a(lib_a-nano-vfprintf.o)
                0x004017e8                _vfprintf_r
                0x004017e8                _vfiprintf_r

.text.SPI0_WriteRead%25
                0x004019e0      0x18c
 .text.SPI0_WriteRead
                0x004019e0      0x18c build/dt3_e70_xult/production/_ext/737188943/plib_spi0_master.o
                0x004019e0                SPI0_WriteRead

.text.setvbuf%26
                0x00401b6c      0x158
 .text.setvbuf  0x00401b6c      0x158 c:/program files/microchip/xc32/v3.01/bin/bin/../../lib/gcc/pic32c/8.3.1/../../../../pic32c/lib/thumb/v7e-m+dp/hard\libc_nano.a(lib_a-setvbuf.o)
                0x00401b6c                setvbuf

.text.__multiply%27
                0x00401cc4      0x130
 .text.__multiply
                0x00401cc4      0x130 c:/program files/microchip/xc32/v3.01/bin/bin/../../lib/gcc/pic32c/8.3.1/../../../../pic32c/lib/thumb/v7e-m+dp/hard\libc_nano.a(lib_a-mprec.o)
                0x00401cc4                __multiply

.text.quorem%28
                0x00401df4      0x12e
 .text.quorem   0x00401df4      0x12e c:/program files/microchip/xc32/v3.01/bin/bin/../../lib/gcc/pic32c/8.3.1/../../../../pic32c/lib/thumb/v7e-m+dp/hard\libc_nano.a(lib_a-dtoa.o)

.text.__sflush_r%29
                0x00401f24      0x10c
 .text.__sflush_r
                0x00401f24      0x10c c:/program files/microchip/xc32/v3.01/bin/bin/../../lib/gcc/pic32c/8.3.1/../../../../pic32c/lib/thumb/v7e-m+dp/hard\libc_nano.a(lib_a-fflush.o)
                0x00401f24                __sflush_r

.rodata._ctype_%30
                0x00402030      0x101
 .rodata._ctype_
                0x00402030      0x101 c:/program files/microchip/xc32/v3.01/bin/bin/../../lib/gcc/pic32c/8.3.1/../../../../pic32c/lib/thumb/v7e-m+dp/hard\libc_nano.a(lib_a-ctype_.o)
                0x00402030                _ctype_

.text.SYS_TIME_AddToList%31
                0x00402134       0xf0
 .text.SYS_TIME_AddToList
                0x00402134       0xf0 build/dt3_e70_xult/production/_ext/1510074072/sys_time.o

.text._printf_common%32
                0x00402224       0xea
 .text._printf_common
                0x00402224       0xea c:/program files/microchip/xc32/v3.01/bin/bin/../../lib/gcc/pic32c/8.3.1/../../../../pic32c/lib/thumb/v7e-m+dp/hard\libc_nano.a(lib_a-nano-vfprintf_i.o)
                0x00402224                _printf_common

.text.__swsetup_r%33
                0x00402310       0xdc
 .text.__swsetup_r
                0x00402310       0xdc c:/program files/microchip/xc32/v3.01/bin/bin/../../lib/gcc/pic32c/8.3.1/../../../../pic32c/lib/thumb/v7e-m+dp/hard\libc_nano.a(lib_a-wsetup.o)
                0x00402310                __swsetup_r

.text.TCM_Configure%34
                0x004023ec       0xcc
 .text.TCM_Configure
                0x004023ec       0xcc build/dt3_e70_xult/production/_ext/1477102667/startup_xc32.o

.text.__mdiff%35
                0x004024b8       0xc8
 .text.__mdiff  0x004024b8       0xc8 c:/program files/microchip/xc32/v3.01/bin/bin/../../lib/gcc/pic32c/8.3.1/../../../../pic32c/lib/thumb/v7e-m+dp/hard\libc_nano.a(lib_a-mprec.o)
                0x004024b8                __mdiff

.rodata.__mprec_tens%36
                0x00402580       0xc8
 .rodata.__mprec_tens
                0x00402580       0xc8 c:/program files/microchip/xc32/v3.01/bin/bin/../../lib/gcc/pic32c/8.3.1/../../../../pic32c/lib/thumb/v7e-m+dp/hard\libc_nano.a(lib_a-mprec.o)
                0x00402580                __mprec_tens

.text.__swbuf_r%37
                0x00402648       0xbc
 .text.__swbuf_r
                0x00402648       0xbc c:/program files/microchip/xc32/v3.01/bin/bin/../../lib/gcc/pic32c/8.3.1/../../../../pic32c/lib/thumb/v7e-m+dp/hard\libc_nano.a(lib_a-wbuf.o)
                0x00402648                __swbuf_r

.text._malloc_r%38
                0x00402704       0xb4
 .text._malloc_r
                0x00402704       0xb4 c:/program files/microchip/xc32/v3.01/bin/bin/../../lib/gcc/pic32c/8.3.1/../../../../pic32c/lib/thumb/v7e-m+dp/hard\libc_nano.a(lib_a-nano-mallocr.o)
                0x00402704                _malloc_r

.text.SYS_TIME_UpdateTime%39
                0x004027b8       0xa8
 .text.SYS_TIME_UpdateTime
                0x004027b8       0xa8 build/dt3_e70_xult/production/_ext/1510074072/sys_time.o

.text.__lshift%40
                0x00402860       0xa6
 .text.__lshift
                0x00402860       0xa6 c:/program files/microchip/xc32/v3.01/bin/bin/../../lib/gcc/pic32c/8.3.1/../../../../pic32c/lib/thumb/v7e-m+dp/hard\libc_nano.a(lib_a-mprec.o)
                0x00402860                __lshift

.text.USART1_Read%41
                0x00402908       0xa4
 .text.USART1_Read
                0x00402908       0xa4 build/dt3_e70_xult/production/_ext/1297124300/plib_usart1.o
                0x00402908                USART1_Read

.text%42        0x004029b0       0xa0
 .text          0x004029b0       0xa0 c:/program files/microchip/xc32/v3.01/bin/bin/../../lib/gcc/pic32c/8.3.1/../../../../pic32c/lib/thumb/v7e-m+dp/hard\libc_nano.a(lib_a-memchr.o)
                0x004029b0                memchr

.text.__d2b%43  0x00402a50       0x9e
 .text.__d2b    0x00402a50       0x9e c:/program files/microchip/xc32/v3.01/bin/bin/../../lib/gcc/pic32c/8.3.1/../../../../pic32c/lib/thumb/v7e-m+dp/hard\libc_nano.a(lib_a-mprec.o)
                0x00402a50                __d2b

.text._free_r%44
                0x00402af0       0x9c
 .text._free_r  0x00402af0       0x9c c:/program files/microchip/xc32/v3.01/bin/bin/../../lib/gcc/pic32c/8.3.1/../../../../pic32c/lib/thumb/v7e-m+dp/hard\libc_nano.a(lib_a-nano-freer.o)
                0x00402af0                _free_r

.text.__pow5mult%45
                0x00402b8c       0x9c
 .text.__pow5mult
                0x00402b8c       0x9c c:/program files/microchip/xc32/v3.01/bin/bin/../../lib/gcc/pic32c/8.3.1/../../../../pic32c/lib/thumb/v7e-m+dp/hard\libc_nano.a(lib_a-mprec.o)
                0x00402b8c                __pow5mult

.text.DCache_Enable%46
                0x00402c28       0x90
 .text.DCache_Enable
                0x00402c28       0x90 build/dt3_e70_xult/production/_ext/1477102667/startup_xc32.o

.text.SYS_TIME_RemoveFromList%47
                0x00402cb8       0x8c
 .text.SYS_TIME_RemoveFromList
                0x00402cb8       0x8c build/dt3_e70_xult/production/_ext/1510074072/sys_time.o

.text.__smakebuf_r%48
                0x00402d44       0x8c
 .text.__smakebuf_r
                0x00402d44       0x8c c:/program files/microchip/xc32/v3.01/bin/bin/../../lib/gcc/pic32c/8.3.1/../../../../pic32c/lib/thumb/v7e-m+dp/hard\libc_nano.a(lib_a-makebuf.o)
                0x00402d44                __smakebuf_r

.text.SYS_TIME_ClientNotify%49
                0x00402dd0       0x88
 .text.SYS_TIME_ClientNotify
                0x00402dd0       0x88 build/dt3_e70_xult/production/_ext/1510074072/sys_time.o

.text.__pic32c_data_initialization%50
                0x00402e58       0x88
 .text.__pic32c_data_initialization
                0x00402e58       0x88 c:/program files/microchip/xc32/v3.01/bin/bin/../../lib/gcc/pic32c/8.3.1/../../../../pic32c/lib/thumb/v7e-m+dp/hard\libpic32c.a(data_init.o)
                0x00402e58                __pic32c_data_initialization

.rodata%51      0x00402ee0       0x84
 .rodata        0x00402ee0       0x84 build/dt3_e70_xult/production/_ext/1360937237/app.o

.text.__fputwc%52
                0x00402f64       0x82
 .text.__fputwc
                0x00402f64       0x82 c:/program files/microchip/xc32/v3.01/bin/bin/../../lib/gcc/pic32c/8.3.1/../../../../pic32c/lib/thumb/v7e-m+dp/hard\libc_nano.a(lib_a-fputwc.o)
                0x00402f64                __fputwc

.text.USART1_Write%53
                0x00402fe8       0x80
 .text.USART1_Write
                0x00402fe8       0x80 build/dt3_e70_xult/production/_ext/1297124300/plib_usart1.o
                0x00402fe8                USART1_Write

.text.__multadd%54
                0x00403068       0x7e
 .text.__multadd
                0x00403068       0x7e c:/program files/microchip/xc32/v3.01/bin/bin/../../lib/gcc/pic32c/8.3.1/../../../../pic32c/lib/thumb/v7e-m+dp/hard\libc_nano.a(lib_a-mprec.o)
                0x00403068                __multadd

.text.SYSTICK_DelayMs%55
                0x004030e8       0x7c
 .text.SYSTICK_DelayMs
                0x004030e8       0x7c build/dt3_e70_xult/production/_ext/590620431/plib_systick.o
                0x004030e8                SYSTICK_DelayMs

.text.__sfp%56  0x00403164       0x78
 .text.__sfp    0x00403164       0x78 c:/program files/microchip/xc32/v3.01/bin/bin/../../lib/gcc/pic32c/8.3.1/../../../../pic32c/lib/thumb/v7e-m+dp/hard\libc_nano.a(lib_a-findfp.o)
                0x00403164                __sfp

.text.APP_Tasks%57
                0x004031dc       0x74
 .text.APP_Tasks
                0x004031dc       0x74 build/dt3_e70_xult/production/_ext/1360937237/app.o
                0x004031dc                APP_Tasks

.text.SYS_TIME_TimerDestroy%58
                0x00403250       0x6a
 .text.SYS_TIME_TimerDestroy
                0x00403250       0x6a build/dt3_e70_xult/production/_ext/1510074072/sys_time.o
                0x00403250                SYS_TIME_TimerDestroy

.text.CLK_MasterClockInitialize%59
                0x004032bc       0x68
 .text.CLK_MasterClockInitialize
                0x004032bc       0x68 build/dt3_e70_xult/production/_ext/1786375255/plib_clk.o

.text.SYS_Initialize%60
                0x00403324       0x68
 .text.SYS_Initialize
                0x00403324       0x68 build/dt3_e70_xult/production/_ext/1477102667/initialization.o
                0x00403324                SYS_Initialize

.text.SYS_TIME_CounterInit%61
                0x0040338c       0x68
 .text.SYS_TIME_CounterInit
                0x0040338c       0x68 build/dt3_e70_xult/production/_ext/1510074072/sys_time.o

.text._Balloc%62
                0x004033f4       0x68
 .text._Balloc  0x004033f4       0x68 c:/program files/microchip/xc32/v3.01/bin/bin/../../lib/gcc/pic32c/8.3.1/../../../../pic32c/lib/thumb/v7e-m+dp/hard\libc_nano.a(lib_a-mprec.o)
                0x004033f4                _Balloc

.text.CLK_MainClockInitialize%63
                0x0040345c       0x60
 .text.CLK_MainClockInitialize
                0x0040345c       0x60 build/dt3_e70_xult/production/_ext/1786375255/plib_clk.o

.text.SYS_TIME_Initialize%64
                0x004034bc       0x60
 .text.SYS_TIME_Initialize
                0x004034bc       0x60 build/dt3_e70_xult/production/_ext/1510074072/sys_time.o
                0x004034bc                SYS_TIME_Initialize

.text.__sinit%65
                0x0040351c       0x60
 .text.__sinit  0x0040351c       0x60 c:/program files/microchip/xc32/v3.01/bin/bin/../../lib/gcc/pic32c/8.3.1/../../../../pic32c/lib/thumb/v7e-m+dp/hard\libc_nano.a(lib_a-findfp.o)
                0x0040351c                __sinit

.text.__lo0bits%66
                0x0040357c       0x60
 .text.__lo0bits
                0x0040357c       0x60 c:/program files/microchip/xc32/v3.01/bin/bin/../../lib/gcc/pic32c/8.3.1/../../../../pic32c/lib/thumb/v7e-m+dp/hard\libc_nano.a(lib_a-mprec.o)
                0x0040357c                __lo0bits

.text.Reset_Handler%67
                0x004035dc       0x5c
 .text.Reset_Handler
                0x004035dc       0x5c build/dt3_e70_xult/production/_ext/1477102667/startup_xc32.o
                0x004035dc                Reset_Handler

.text.SYS_TIME_GetTimerObject%68
                0x00403638       0x58
 .text.SYS_TIME_GetTimerObject
                0x00403638       0x58 build/dt3_e70_xult/production/_ext/1510074072/sys_time.o

.text.SYS_TIME_ResourceLock%69
                0x00403690       0x54
 .text.SYS_TIME_ResourceLock
                0x00403690       0x54 build/dt3_e70_xult/production/_ext/1510074072/sys_time.o

.text._fflush_r%70
                0x004036e4       0x54
 .text._fflush_r
                0x004036e4       0x54 c:/program files/microchip/xc32/v3.01/bin/bin/../../lib/gcc/pic32c/8.3.1/../../../../pic32c/lib/thumb/v7e-m+dp/hard\libc_nano.a(lib_a-fflush.o)
                0x004036e4                _fflush_r

.text.SPI0_ChipSelectGet%71
                0x00403738       0x50
 .text.SPI0_ChipSelectGet
                0x00403738       0x50 build/dt3_e70_xult/production/_ext/737188943/plib_spi0_master.o

.text.ICache_Enable%72
                0x00403788       0x50
 .text.ICache_Enable
                0x00403788       0x50 build/dt3_e70_xult/production/_ext/1477102667/startup_xc32.o

.text.__ssfputs_r%73
                0x004037d8       0x4a
 .text.__ssfputs_r
                0x004037d8       0x4a c:/program files/microchip/xc32/v3.01/bin/bin/../../lib/gcc/pic32c/8.3.1/../../../../pic32c/lib/thumb/v7e-m+dp/hard\libc_nano.a(lib_a-__ssfputs.o)
                0x004037d8                __ssfputs_r

.text.__NVIC_SetPriorityGrouping%74
                0x00403824       0x48
 .text.__NVIC_SetPriorityGrouping
                0x00403824       0x48 build/dt3_e70_xult/production/_ext/457279291/plib_nvic.o

.text.SYS_TIME_PLIBCallback%75
                0x0040386c       0x48
 .text.SYS_TIME_PLIBCallback
                0x0040386c       0x48 build/dt3_e70_xult/production/_ext/1510074072/sys_time.o

.text.__libc_init_array%76
                0x004038b4       0x48
 .text.__libc_init_array
                0x004038b4       0x48 c:/program files/microchip/xc32/v3.01/bin/bin/../../lib/gcc/pic32c/8.3.1/../../../../pic32c/lib/thumb/v7e-m+dp/hard\libc_nano.a(lib_a-init.o)
                0x004038b4                __libc_init_array

.text.std%77    0x004038fc       0x48
 .text.std      0x004038fc       0x48 c:/program files/microchip/xc32/v3.01/bin/bin/../../lib/gcc/pic32c/8.3.1/../../../../pic32c/lib/thumb/v7e-m+dp/hard\libc_nano.a(lib_a-findfp.o)

.text.__swhatbuf_r%78
                0x00403944       0x48
 .text.__swhatbuf_r
                0x00403944       0x48 c:/program files/microchip/xc32/v3.01/bin/bin/../../lib/gcc/pic32c/8.3.1/../../../../pic32c/lib/thumb/v7e-m+dp/hard\libc_nano.a(lib_a-makebuf.o)
                0x00403944                __swhatbuf_r

.text.USART1_ErrorClear%79
                0x0040398c       0x44
 .text.USART1_ErrorClear
                0x0040398c       0x44 build/dt3_e70_xult/production/_ext/1297124300/plib_usart1.o

.text.FPU_Enable%80
                0x004039d0       0x44
 .text.FPU_Enable
                0x004039d0       0x44 build/dt3_e70_xult/production/_ext/1477102667/startup_xc32.o

.text.SYSTICK_TimerInterruptEnable%81
                0x00403a14       0x44
 .text.SYSTICK_TimerInterruptEnable
                0x00403a14       0x44 build/dt3_e70_xult/production/_ext/590620431/plib_systick.o
                0x00403a14                SYSTICK_TimerInterruptEnable

.text%82        0x00403a58       0x40
 .text          0x00403a58       0x40 c:/program files/microchip/xc32/v3.01/bin/bin/../../lib/gcc/pic32c/8.3.1/thumb/v7e-m+dp/hard/crtbegin.o

.text.CLK_SlowClockInitialize%83
                0x00403a98       0x40
 .text.CLK_SlowClockInitialize
                0x00403a98       0x40 build/dt3_e70_xult/production/_ext/1786375255/plib_clk.o

.text.SYSTICK_TimerInitialize%84
                0x00403ad8       0x40
 .text.SYSTICK_TimerInitialize
                0x00403ad8       0x40 build/dt3_e70_xult/production/_ext/590620431/plib_systick.o
                0x00403ad8                SYSTICK_TimerInitialize

.text.SYS_TIME_Counter32Update%85
                0x00403b18       0x40
 .text.SYS_TIME_Counter32Update
                0x00403b18       0x40 build/dt3_e70_xult/production/_ext/1510074072/sys_time.o

.text.__hi0bits%86
                0x00403b58       0x40
 .text.__hi0bits
                0x00403b58       0x40 c:/program files/microchip/xc32/v3.01/bin/bin/../../lib/gcc/pic32c/8.3.1/../../../../pic32c/lib/thumb/v7e-m+dp/hard\libc_nano.a(lib_a-mprec.o)
                0x00403b58                __hi0bits

.text.write%87  0x00403b98       0x40
 .text.write    0x00403b98       0x40 c:/program files/microchip/xc32/v3.01/bin/bin/../../lib/gcc/pic32c/8.3.1/../../../../pic32c/lib/thumb/v7e-m+dp/hard\libpic32c.a(write.o)
                0x00403b98                write

.text.SysTick_Handler%88
                0x00403bd8       0x3c
 .text.SysTick_Handler
                0x00403bd8       0x3c build/dt3_e70_xult/production/_ext/590620431/plib_systick.o
                0x00403bd8                SysTick_Handler

.text._fwalk_reent%89
                0x00403c14       0x3c
 .text._fwalk_reent
                0x00403c14       0x3c c:/program files/microchip/xc32/v3.01/bin/bin/../../lib/gcc/pic32c/8.3.1/../../../../pic32c/lib/thumb/v7e-m+dp/hard\libc_nano.a(lib_a-fwalk.o)
                0x00403c14                _fwalk_reent

.text.SPI0_Initialize%90
                0x00403c50       0x38
 .text.SPI0_Initialize
                0x00403c50       0x38 build/dt3_e70_xult/production/_ext/737188943/plib_spi0_master.o
                0x00403c50                SPI0_Initialize

.text.SYS_TIME_Counter64Update%91
                0x00403c88       0x38
 .text.SYS_TIME_Counter64Update
                0x00403c88       0x38 build/dt3_e70_xult/production/_ext/1510074072/sys_time.o

.text.__swrite%92
                0x00403cc0       0x38
 .text.__swrite
                0x00403cc0       0x38 c:/program files/microchip/xc32/v3.01/bin/bin/../../lib/gcc/pic32c/8.3.1/../../../../pic32c/lib/thumb/v7e-m+dp/hard\libc_nano.a(lib_a-stdio.o)
                0x00403cc0                __swrite

.text._mon_getc%93
                0x00403cf8       0x36
 .text._mon_getc
                0x00403cf8       0x36 build/dt3_e70_xult/production/_ext/1215730769/xc32_monitor.o
                0x00403cf8                _mon_getc

.text.__mcmp%94
                0x00403d2e       0x34
 .text.__mcmp   0x00403d2e       0x34 c:/program files/microchip/xc32/v3.01/bin/bin/../../lib/gcc/pic32c/8.3.1/../../../../pic32c/lib/thumb/v7e-m+dp/hard\libc_nano.a(lib_a-mprec.o)
                0x00403d2e                __mcmp

.text.SPI0_ChipSelectSetup%95
                0x00403d64       0x30
 .text.SPI0_ChipSelectSetup
                0x00403d64       0x30 build/dt3_e70_xult/production/_ext/737188943/plib_spi0_master.o
                0x00403d64                SPI0_ChipSelectSetup

.text.USART1_Initialize%96
                0x00403d94       0x30
 .text.USART1_Initialize
                0x00403d94       0x30 build/dt3_e70_xult/production/_ext/1297124300/plib_usart1.o
                0x00403d94                USART1_Initialize

.text._mon_putc%97
                0x00403dc4       0x30
 .text._mon_putc
                0x00403dc4       0x30 build/dt3_e70_xult/production/_ext/1215730769/xc32_monitor.o
                0x00403dc4                _mon_putc

.text.TCM_Disable%98
                0x00403df4       0x30
 .text.TCM_Disable
                0x00403df4       0x30 build/dt3_e70_xult/production/_ext/1477102667/startup_xc32.o

.text.SYS_TIME_ResourceUnlock%99
                0x00403e24       0x30
 .text.SYS_TIME_ResourceUnlock
                0x00403e24       0x30 build/dt3_e70_xult/production/_ext/1510074072/sys_time.o

.text.printf%100
                0x00403e54       0x30
 .text.printf   0x00403e54       0x30 c:/program files/microchip/xc32/v3.01/bin/bin/../../lib/gcc/pic32c/8.3.1/../../../../pic32c/lib/thumb/v7e-m+dp/hard\libc_nano.a(lib_a-printf.o)
                0x00403e54                iprintf
                0x00403e54                printf

.text.__sfputc_r%101
                0x00403e84       0x2e
 .text.__sfputc_r
                0x00403e84       0x2e c:/program files/microchip/xc32/v3.01/bin/bin/../../lib/gcc/pic32c/8.3.1/../../../../pic32c/lib/thumb/v7e-m+dp/hard\libc_nano.a(lib_a-__ssfputs.o)

.text._Bfree%102
                0x00403eb2       0x2e
 .text._Bfree   0x00403eb2       0x2e c:/program files/microchip/xc32/v3.01/bin/bin/../../lib/gcc/pic32c/8.3.1/../../../../pic32c/lib/thumb/v7e-m+dp/hard\libc_nano.a(lib_a-mprec.o)
                0x00403eb2                _Bfree

.text.CLK_PLLAInitialize%103
                0x00403ee0       0x2c
 .text.CLK_PLLAInitialize
                0x00403ee0       0x2c build/dt3_e70_xult/production/_ext/1786375255/plib_clk.o

.text.NVIC_INT_Disable%104
                0x00403f0c       0x2c
 .text.NVIC_INT_Disable
                0x00403f0c       0x2c build/dt3_e70_xult/production/_ext/457279291/plib_nvic.o
                0x00403f0c                NVIC_INT_Disable

.text.__sfmoreglue%105
                0x00403f38       0x2c
 .text.__sfmoreglue
                0x00403f38       0x2c c:/program files/microchip/xc32/v3.01/bin/bin/../../lib/gcc/pic32c/8.3.1/../../../../pic32c/lib/thumb/v7e-m+dp/hard\libc_nano.a(lib_a-findfp.o)
                0x00403f38                __sfmoreglue

.text._wcrtomb_r%106
                0x00403f64       0x2c
 .text._wcrtomb_r
                0x00403f64       0x2c c:/program files/microchip/xc32/v3.01/bin/bin/../../lib/gcc/pic32c/8.3.1/../../../../pic32c/lib/thumb/v7e-m+dp/hard\libc_nano.a(lib_a-wcrtomb.o)
                0x00403f64                _wcrtomb_r

.text._sbrk%107
                0x00403f90       0x2c
 .text._sbrk    0x00403f90       0x2c c:/program files/microchip/xc32/v3.01/bin/bin/../../lib/gcc/pic32c/8.3.1/../../../../pic32c/lib/thumb/v7e-m+dp/hard\libpic32c.a(sbrk.o)
                0x00403f90                _sbrk

.text.NVIC_INT_Restore%108
                0x00403fbc       0x2a
 .text.NVIC_INT_Restore
                0x00403fbc       0x2a build/dt3_e70_xult/production/_ext/457279291/plib_nvic.o
                0x00403fbc                NVIC_INT_Restore

.text.CLOCK_Initialize%109
                0x00403fe8       0x28
 .text.CLOCK_Initialize
                0x00403fe8       0x28 build/dt3_e70_xult/production/_ext/1786375255/plib_clk.o
                0x00403fe8                CLOCK_Initialize

.text.STDIO_BufferModeSet%110
                0x00404010       0x28
 .text.STDIO_BufferModeSet
                0x00404010       0x28 build/dt3_e70_xult/production/_ext/1477102667/initialization.o

.text.SYSTICK_TimerCallbackSet%111
                0x00404038       0x28
 .text.SYSTICK_TimerCallbackSet
                0x00404038       0x28 build/dt3_e70_xult/production/_ext/590620431/plib_systick.o
                0x00404038                SYSTICK_TimerCallbackSet

.rodata.__mprec_bigtens%112
                0x00404060       0x28
 .rodata.__mprec_bigtens
                0x00404060       0x28 c:/program files/microchip/xc32/v3.01/bin/bin/../../lib/gcc/pic32c/8.3.1/../../../../pic32c/lib/thumb/v7e-m+dp/hard\libc_nano.a(lib_a-mprec.o)
                0x00404060                __mprec_bigtens

.text.read%113  0x00404088       0x28
 .text.read     0x00404088       0x28 c:/program files/microchip/xc32/v3.01/bin/bin/../../lib/gcc/pic32c/8.3.1/../../../../pic32c/lib/thumb/v7e-m+dp/hard\libpic32c.a(read.o)
                0x00404088                read

.text.BSP_Initialize%114
                0x004040b0       0x24
 .text.BSP_Initialize
                0x004040b0       0x24 build/dt3_e70_xult/production/_ext/2117151973/bsp.o
                0x004040b0                BSP_Initialize

.text.SYSTICK_TimerStart%115
                0x004040d4       0x24
 .text.SYSTICK_TimerStart
                0x004040d4       0x24 build/dt3_e70_xult/production/_ext/590620431/plib_systick.o
                0x004040d4                SYSTICK_TimerStart

.text.__sseek%116
                0x004040f8       0x24
 .text.__sseek  0x004040f8       0x24 c:/program files/microchip/xc32/v3.01/bin/bin/../../lib/gcc/pic32c/8.3.1/../../../../pic32c/lib/thumb/v7e-m+dp/hard\libc_nano.a(lib_a-stdio.o)
                0x004040f8                __sseek

.text._write_r%117
                0x0040411c       0x24
 .text._write_r
                0x0040411c       0x24 c:/program files/microchip/xc32/v3.01/bin/bin/../../lib/gcc/pic32c/8.3.1/../../../../pic32c/lib/thumb/v7e-m+dp/hard\libc_nano.a(lib_a-writer.o)
                0x0040411c                _write_r

.text._fstat_r%118
                0x00404140       0x24
 .text._fstat_r
                0x00404140       0x24 c:/program files/microchip/xc32/v3.01/bin/bin/../../lib/gcc/pic32c/8.3.1/../../../../pic32c/lib/thumb/v7e-m+dp/hard\libc_nano.a(lib_a-fstatr.o)
                0x00404140                _fstat_r

.text._lseek_r%119
                0x00404164       0x24
 .text._lseek_r